Archive member included to satisfy reference by file (symbol)

c:/devkitPro/libctru/lib\libctru.a(gfx.o)
                              main.o (gfxInitDefault)
c:/devkitPro/libctru/lib\libctru.a(gx.o)
                              c:/devkitPro/libctru/lib\libctru.a(gfx.o) (gxCmdBuf)
c:/devkitPro/libctru/lib\libctru.a(apt.o)
                              main.o (aptMainLoop)
c:/devkitPro/libctru/lib\libctru.a(gspgpu.o)
                              c:/devkitPro/libctru/lib\libctru.a(gfx.o) (gspInit)
c:/devkitPro/libctru/lib\libctru.a(hid.o)
                              main.o (hidScanInput)
c:/devkitPro/libctru/lib\libctru.a(irrst.o)
                              c:/devkitPro/libctru/lib\libctru.a(hid.o) (irrstScanInput)
c:/devkitPro/libctru/lib\libctru.a(initArgv.o)
                              c:/devkitpro/devkitarm/bin/../lib/gcc/arm-none-eabi/5.3.0/../../../../arm-none-eabi/lib/armv6k/fpu/3dsx_crt0.o (__system_argc)
c:/devkitPro/libctru/lib\libctru.a(initSystem.o)
                              c:/devkitPro/libctru/lib\libctru.a(apt.o) (__system_retAddr)
c:/devkitPro/libctru/lib\libctru.a(syscalls.o)
                              c:/devkitPro/libctru/lib\libctru.a(initSystem.o) (__system_initSyscalls)
c:/devkitPro/libctru/lib\libctru.a(svc.o)
                              c:/devkitPro/libctru/lib\libctru.a(gfx.o) (svcCreateEvent)
c:/devkitPro/libctru/lib\libctru.a(stack_adjust.o)
                              c:/devkitpro/devkitarm/bin/../lib/gcc/arm-none-eabi/5.3.0/../../../../arm-none-eabi/lib/armv6k/fpu/3dsx_crt0.o (initSystem)
c:/devkitPro/libctru/lib\libctru.a(linear.o)
                              c:/devkitPro/libctru/lib\libctru.a(gfx.o) (linearAlloc)
c:/devkitPro/libctru/lib\libctru.a(mappable.o)
                              c:/devkitPro/libctru/lib\libctru.a(gfx.o) (mappableAlloc)
c:/devkitPro/libctru/lib\libctru.a(mem_pool.o)
                              c:/devkitPro/libctru/lib\libctru.a(linear.o) (MemPool::Allocate(MemChunk&, unsigned long, int))
c:/devkitPro/libctru/lib\libctru.a(vram.o)
                              c:/devkitPro/libctru/lib\libctru.a(gfx.o) (vramAlloc)
c:/devkitPro/libctru/lib\libctru.a(env.o)
                              c:/devkitPro/libctru/lib\libctru.a(irrst.o) (envGetHandle)
c:/devkitPro/libctru/lib\libctru.a(os.o)
                              c:/devkitPro/libctru/lib\libctru.a(syscalls.o) (__libctru_gtod)
c:/devkitPro/libctru/lib\libctru.a(srv.o)
                              c:/devkitPro/libctru/lib\libctru.a(apt.o) (srvGetServiceHandle)
c:/devkitPro/libctru/lib\libctru.a(synchronization.o)
                              c:/devkitPro/libctru/lib\libctru.a(initSystem.o) (__sync_init)
c:/devkitPro/libctru/lib\libctru.a(thread.o)
                              c:/devkitPro/libctru/lib\libctru.a(apt.o) (threadCreate)
c:/devkitPro/libctru/lib\libctru.a(ptmsysm.o)
                              c:/devkitPro/libctru/lib\libctru.a(os.o) (ptmSysmInit)
c:/devkitPro/libctru/lib\libctru.a(rbtree_find.o)
                              c:/devkitPro/libctru/lib\libctru.a(linear.o) (rbtree_find)
c:/devkitPro/libctru/lib\libctru.a(rbtree_init.o)
                              c:/devkitPro/libctru/lib\libctru.a(linear.o) (rbtree_init)
c:/devkitPro/libctru/lib\libctru.a(rbtree_insert.o)
                              c:/devkitPro/libctru/lib\libctru.a(linear.o) (rbtree_insert)
c:/devkitPro/libctru/lib\libctru.a(rbtree_remove.o)
                              c:/devkitPro/libctru/lib\libctru.a(linear.o) (rbtree_remove)
c:/devkitPro/libctru/lib\libctru.a(rbtree_rotate.o)
                              c:/devkitPro/libctru/lib\libctru.a(rbtree_insert.o) (rbtree_rotate)
c:/devkitPro/libctru/lib\libctru.a(allocateHeaps.o)
                              c:/devkitPro/libctru/lib\libctru.a(initSystem.o) (__system_allocateHeaps)
c:/devkitPro/libctru/lib\libctru.a(appExit.o)
                              c:/devkitPro/libctru/lib\libctru.a(stack_adjust.o) (__appExit)
c:/devkitPro/libctru/lib\libctru.a(appInit.o)
                              c:/devkitPro/libctru/lib\libctru.a(stack_adjust.o) (__appInit)
c:/devkitPro/libctru/lib\libctru.a(ctru_exit.o)
                              c:/devkitPro/libctru/lib\libctru.a(stack_adjust.o) (__libctru_exit)
c:/devkitPro/libctru/lib\libctru.a(sdmc_dev.o)
                              c:/devkitPro/libctru/lib\libctru.a(appInit.o) (sdmcInit)
c:/devkitPro/libctru/lib\libctru.a(fs.o)
                              c:/devkitPro/libctru/lib\libctru.a(appInit.o) (fsInit)
c:/devkitPro/libctru/lib\libctru.a(rbtree_iterator.o)
                              c:/devkitPro/libctru/lib\libctru.a(rbtree_remove.o) (rbtree_node_next)
c:/devkitPro/libctru/lib\libctru.a(decode_utf8.o)
                              c:/devkitPro/libctru/lib\libctru.a(sdmc_dev.o) (decode_utf8)
c:/devkitPro/libctru/lib\libctru.a(utf16_to_utf8.o)
                              c:/devkitPro/libctru/lib\libctru.a(sdmc_dev.o) (utf16_to_utf8)
c:/devkitPro/libctru/lib\libctru.a(utf8_to_utf16.o)
[...]
Memory Configuration

Name             Origin             Length             Attributes
*default*        0x00000000         0xffffffff

Linker script and memory map

                0x00100000                . = 0x100000
                0x00100000                __start__ = .

.text           0x00100000     0xb0b4
 *(.crt0)
 .crt0          0x00100000       0x94 c:/devkitpro/devkitarm/bin/../lib/gcc/arm-none-eabi/5.3.0/../../../../arm-none-eabi/lib/armv6k/fpu/3dsx_crt0.o
                0x00100000                _start
                0x00100008                __service_ptr
                0x0010000c                __apt_appid
                0x00100010                __heap_size
                0x00100014                __linear_heap_size
                0x00100018                __system_arglist
                0x0010001c                __system_runflags
 *(.init)
 .init          0x00100094        0xc c:/devkitpro/devkitarm/bin/../lib/gcc/arm-none-eabi/5.3.0/armv6k/fpu/crti.o
                0x00100094                _init
 .init          0x001000a0        0xc c:/devkitpro/devkitarm/bin/../lib/gcc/arm-none-eabi/5.3.0/armv6k/fpu/crtn.o
                0x001000ac                . = ALIGN (0x4)
 *(.text)
 .text          0x001000ac      0x108 c:/devkitpro/devkitarm/bin/../lib/gcc/arm-none-eabi/5.3.0/armv6k/fpu/crtbegin.o
 .text          0x001001b4       0x64 c:/devkitPro/libctru/lib\libctru.a(stack_adjust.o)
                0x001001b4                initSystem
                0x001001f8                __ctru_exit
 .text          0x00100218      0x1c4 c:/devkitpro/devkitarm/bin/../lib/gcc/arm-none-eabi/5.3.0/../../../../arm-none-eabi/lib/armv6k/fpu\libsysbase.a(iosupport.o)
                0x00100220                setDefaultDevice
                0x00100238                FindDevice
                0x001002f4                RemoveDevice
                0x00100320                AddDevice
                0x001003b8                GetDeviceOpTab
 .text          0x001003dc       0x7c c:/devkitpro/devkitarm/bin/../lib/gcc/arm-none-eabi/5.3.0/../../../../arm-none-eabi/lib/armv6k/fpu\libsysbase.a(close.o)
                0x001003dc                _close_r
 .text          0x00100458       0x6c c:/devkitpro/devkitarm/bin/../lib/gcc/arm-none-eabi/5.3.0/../../../../arm-none-eabi/lib/armv6k/fpu\libsysbase.a(fstat.o)
                0x00100458                _fstat_r
 .text          0x001004c4        0x8 c:/devkitpro/devkitarm/bin/../lib/gcc/arm-none-eabi/5.3.0/../../../../arm-none-eabi/lib/armv6k/fpu\libsysbase.a(isatty.o)
                0x001004c4                _isatty_r
 .text          0x001004cc       0x78 c:/devkitpro/devkitarm/bin/../lib/gcc/arm-none-eabi/5.3.0/../../../../arm-none-eabi/lib/armv6k/fpu\libsysbase.a(lseek.o)
                0x001004cc                _lseek_r
 .text          0x00100544       0xc8 c:/devkitpro/devkitarm/bin/../lib/gcc/arm-none-eabi/5.3.0/../../../../arm-none-eabi/lib/armv6k/fpu\libsysbase.a(open.o)
                0x00100544                _open_r
 .text          0x0010060c       0x78 c:/devkitpro/devkitarm/bin/../lib/gcc/arm-none-eabi/5.3.0/../../../../arm-none-eabi/lib/armv6k/fpu\libsysbase.a(read.o)
                0x0010060c                _read_r
 .text          0x00100684       0x70 c:/devkitpro/devkitarm/bin/../lib/gcc/arm-none-eabi/5.3.0/../../../../arm-none-eabi/lib/armv6k/fpu\libsysbase.a(sbrk.o)
                0x00100684                _sbrk_r
 .text          0x001006f4       0x78 c:/devkitpro/devkitarm/bin/../lib/gcc/arm-none-eabi/5.3.0/../../../../arm-none-eabi/lib/armv6k/fpu\libsysbase.a(write.o)
                0x001006f4                _write_r
 .text          0x0010076c      0x3b0 c:/devkitpro/devkitarm/bin/../lib/gcc/arm-none-eabi/5.3.0/../../../../arm-none-eabi/lib/armv6k/fpu\libsysbase.a(chdir.o)
                0x0010076c                _concatenate_path
                0x00100928                chdir
                0x00100a7c                getcwd
 .text          0x00100b1c       0x10 c:/devkitpro/devkitarm/bin/../lib/gcc/arm-none-eabi/5.3.0/../../../../arm-none-eabi/lib/armv6k/fpu\libsysbase.a(flock.o)
                0x00100b1c                __flockfile
                0x00100b24                __funlockfile
 .text          0x00100b2c      0x108 c:/devkitpro/devkitarm/bin/../lib/gcc/arm-none-eabi/5.3.0/../../../../arm-none-eabi/lib/armv6k/fpu\libsysbase.a(syscall_support.o)
                0x00100b2c                __libc_lock_init
                0x00100b44                __libc_lock_acquire
                0x00100b5c                __libc_lock_try_acquire
                0x00100b80                __libc_lock_release
                0x00100b98                __libc_lock_close
                0x00100bb0                __libc_lock_init_recursive
                0x00100bc8                __libc_lock_acquire_recursive
                0x00100be0                __libc_lock_try_acquire_recursive
                0x00100c04                __libc_lock_release_recursive
                0x00100c1c                __libc_lock_close_recursive
 .text          0x00100c34      0x2c4 c:/devkitpro/devkitarm/bin/../lib/gcc/arm-none-eabi/5.3.0/../../../../arm-none-eabi/lib/armv6k/fpu\libsysbase.a(handle_manager.o)
                0x00100c34                __free_handle
                0x00100c78                __release_handle
                0x00100cb4                __alloc_handle
                0x00100d2c                __get_handle
                0x00100d48                dup
                0x00100dec                dup2
 .text          0x00100ef8       0x28 c:/devkitpro/devkitarm/bin/../lib/gcc/arm-none-eabi/5.3.0/../../../../arm-none-eabi/lib/armv6k/fpu\libsysbase.a(getreent.o)
                0x00100ef8                __getreent
 .text          0x00100f20      0x20c c:/devkitpro/devkitarm/bin/../lib/gcc/arm-none-eabi/5.3.0/armv6k/fpu\libgcc.a(_udivsi3.o)
                0x00100f20                __aeabi_uidiv
                0x00100f20                __udivsi3
                0x0010110c                __aeabi_uidivmod
 .text          0x0010112c        0x4 c:/devkitpro/devkitarm/bin/../lib/gcc/arm-none-eabi/5.3.0/armv6k/fpu\libgcc.a(_dvmd_tls.o)
                0x0010112c                __aeabi_idiv0
                0x0010112c                __aeabi_ldiv0
 *fill*         0x00101130       0x10 
 .text          0x00101140      0x3a0 c:/devkitpro/devkitarm/bin/../lib/gcc/arm-none-eabi/5.3.0/../../../../arm-none-eabi/lib/armv6k/fpu\libg.a(lib_a-strcmp.o)
                0x00101148                strcmp
 *(.text.*)
 .text.renderEffect
                0x001014e0      0x11c main.o
                0x001014e0                renderEffect
 .text.startup.main
                0x001015fc       0xec main.o
                0x001015fc                main
 .text.gfxSetFramebufferInfo.part.0
                0x001016e8       0x8c c:/devkitPro/libctru/lib\libctru.a(gfx.o)
 .text.gfxSetFramebufferInfo
                0x00101774       0x70 c:/devkitPro/libctru/lib\libctru.a(gfx.o)
                0x00101774                gfxSetFramebufferInfo
 .text.gfxWriteFramebufferInfo
                0x001017e4       0x88 c:/devkitPro/libctru/lib\libctru.a(gfx.o)
                0x001017e4                gfxWriteFramebufferInfo
 .text.gfxInit  0x0010186c      0x1d0 c:/devkitPro/libctru/lib\libctru.a(gfx.o)
                0x0010186c                gfxInit
 .text.gfxInitDefault
                0x00101a3c       0x10 c:/devkitPro/libctru/lib\libctru.a(gfx.o)
                0x00101a3c                gfxInitDefault
 .text.gfxExit  0x00101a4c       0xe0 c:/devkitPro/libctru/lib\libctru.a(gfx.o)
                0x00101a4c                gfxExit
 .text.gfxGetFramebuffer
                0x00101b2c       0xb0 c:/devkitPro/libctru/lib\libctru.a(gfx.o)
                0x00101b2c                gfxGetFramebuffer
 .text.gfxConfigScreen
                0x00101bdc       0x70 c:/devkitPro/libctru/lib\libctru.a(gfx.o)
                0x00101bdc                gfxConfigScreen
 .text.gfxSwapBuffersGpu
                0x00101c4c       0x20 c:/devkitPro/libctru/lib\libctru.a(gfx.o)
                0x00101c4c                gfxSwapBuffersGpu
 .text.__apt_initservicehandle
                0x00101c6c       0x68 c:/devkitPro/libctru/lib\libctru.a(apt.o)
 .text._aptDebug
                0x00101cd4        0x4 c:/devkitPro/libctru/lib\libctru.a(apt.o)
                0x00101cd4                _aptDebug
 .text.aptInitCaptureInfo
                0x00101cd8       0x98 c:/devkitPro/libctru/lib\libctru.a(apt.o)
                0x00101cd8                aptInitCaptureInfo
 .text.aptWaitStatusEvent
                0x00101d70       0x28 c:/devkitPro/libctru/lib\libctru.a(apt.o)
                0x00101d70                aptWaitStatusEvent
 .text.aptGetMenuAppID
                0x00101d98       0x60 c:/devkitPro/libctru/lib\libctru.a(apt.o)
                0x00101d98                aptGetMenuAppID
 .text.aptSetStatus
                0x00101df8       0x6c c:/devkitPro/libctru/lib\libctru.a(apt.o)
                0x00101df8                aptSetStatus
 .text.APT_GetLockHandle
                0x00101e64       0x48 c:/devkitPro/libctru/lib\libctru.a(apt.o)
                0x00101e64                APT_GetLockHandle
 .text.APT_Initialize
                0x00101eac       0x60 c:/devkitPro/libctru/lib\libctru.a(apt.o)
                0x00101eac                APT_Initialize
 .text.APT_Finalize
                0x00101f0c       0x34 c:/devkitPro/libctru/lib\libctru.a(apt.o)
                0x00101f0c                APT_Finalize
 .text.APT_InquireNotification
                0x00101f40       0x48 c:/devkitPro/libctru/lib\libctru.a(apt.o)
                0x00101f40                APT_InquireNotification
 .text.APT_PrepareToJumpToHomeMenu
                0x00101f88       0x2c c:/devkitPro/libctru/lib\libctru.a(apt.o)
                0x00101f88                APT_PrepareToJumpToHomeMenu
 .text.APT_JumpToHomeMenu
                0x00101fb4       0x50 c:/devkitPro/libctru/lib\libctru.a(apt.o)
                0x00101fb4                APT_JumpToHomeMenu
 .text.APT_PrepareToJumpToApplication
                0x00102004       0x34 c:/devkitPro/libctru/lib\libctru.a(apt.o)
                0x00102004                APT_PrepareToJumpToApplication
 .text.APT_JumpToApplication
                0x00102038       0x50 c:/devkitPro/libctru/lib\libctru.a(apt.o)
                0x00102038                APT_JumpToApplication
 .text.APT_NotifyToWait
                0x00102088       0x34 c:/devkitPro/libctru/lib\libctru.a(apt.o)
                0x00102088                APT_NotifyToWait
 .text.APT_AppletUtility
                0x001020bc       0x7c c:/devkitPro/libctru/lib\libctru.a(apt.o)
                0x001020bc                APT_AppletUtility
 .text.aptAppletUtility_Exit_RetToApp
                0x00102138      0x188 c:/devkitPro/libctru/lib\libctru.a(apt.o)
                0x00102138                aptAppletUtility_Exit_RetToApp
 .text.aptAppletClosed
                0x001022c0       0x3c c:/devkitPro/libctru/lib\libctru.a(apt.o)
                0x001022c0                aptAppletClosed
 .text.aptAppStarted
                0x001022fc      0x114 c:/devkitPro/libctru/lib\libctru.a(apt.o)
 .text.aptInit  0x00102410      0x298 c:/devkitPro/libctru/lib\libctru.a(apt.o)
                0x00102410                aptInit
 .text.APT_ReceiveParameter
                0x001026a8       0x6c c:/devkitPro/libctru/lib\libctru.a(apt.o)
                0x001026a8                APT_ReceiveParameter
 .text.APT_SendParameter
                0x00102714       0x64 c:/devkitPro/libctru/lib\libctru.a(apt.o)
                0x00102714                APT_SendParameter
 .text.APT_SendCaptureBufferInfo
                0x00102778       0x44 c:/devkitPro/libctru/lib\libctru.a(apt.o)
                0x00102778                APT_SendCaptureBufferInfo
 .text.aptReturnToMenu
                0x001027bc      0x264 c:/devkitPro/libctru/lib\libctru.a(apt.o)
                0x001027bc                aptReturnToMenu
 .text.APT_ReplySleepQuery
                0x00102a20       0x38 c:/devkitPro/libctru/lib\libctru.a(apt.o)
                0x00102a20                APT_ReplySleepQuery
 .text.APT_ReplySleepNotificationComplete
                0x00102a58       0x34 c:/devkitPro/libctru/lib\libctru.a(apt.o)
                0x00102a58                APT_ReplySleepNotificationComplete
 .text.aptEventHandler
                0x00102a8c      0x3f4 c:/devkitPro/libctru/lib\libctru.a(apt.o)
                0x00102a8c                aptEventHandler
 .text.APT_PrepareToCloseApplication
                0x00102e80       0x34 c:/devkitPro/libctru/lib\libctru.a(apt.o)
                0x00102e80                APT_PrepareToCloseApplication
 .text.APT_CloseApplication
                0x00102eb4       0x50 c:/devkitPro/libctru/lib\libctru.a(apt.o)
                0x00102eb4                APT_CloseApplication
 .text.aptExit  0x00102f04      0x2d0 c:/devkitPro/libctru/lib\libctru.a(apt.o)
                0x00102f04                aptExit
 .text.APT_CheckNew3DS_System
                0x001031d4       0x6c c:/devkitPro/libctru/lib\libctru.a(apt.o)
                0x001031d4                APT_CheckNew3DS_System
 .text.APT_CheckNew3DS
                0x00103240       0x8c c:/devkitPro/libctru/lib\libctru.a(apt.o)
                0x00103240                APT_CheckNew3DS
 .text.APT_StartLibraryApplet
                0x001032cc       0x54 c:/devkitPro/libctru/lib\libctru.a(apt.o)
                0x001032cc                APT_StartLibraryApplet
 .text.aptAppletStarted
                0x00103320      0x174 c:/devkitPro/libctru/lib\libctru.a(apt.o)
                0x00103320                aptAppletStarted
 .text.aptMainLoop
                0x00103494      0x1a4 c:/devkitPro/libctru/lib\libctru.a(apt.o)
                0x00103494                aptMainLoop
 .text.gspEventThreadMain
                0x00103638      0x124 c:/devkitPro/libctru/lib\libctru.a(gspgpu.o)
 .text.gspInit  0x0010375c       0x74 c:/devkitPro/libctru/lib\libctru.a(gspgpu.o)
                0x0010375c                gspInit
 .text.gspExit  0x001037d0       0x3c c:/devkitPro/libctru/lib\libctru.a(gspgpu.o)
                0x001037d0                gspExit
 .text.gspInitEventHandler
                0x0010380c       0xd0 c:/devkitPro/libctru/lib\libctru.a(gspgpu.o)
                0x0010380c                gspInitEventHandler
 .text.gspExitEventHandler
                0x001038dc       0x5c c:/devkitPro/libctru/lib\libctru.a(gspgpu.o)
                0x001038dc                gspExitEventHandler
 .text.gspWaitForEvent
                0x00103938       0x58 c:/devkitPro/libctru/lib\libctru.a(gspgpu.o)
                0x00103938                gspWaitForEvent
 .text.GSPGPU_SetBufferSwap
                0x00103990       0x6c c:/devkitPro/libctru/lib\libctru.a(gspgpu.o)
                0x00103990                GSPGPU_SetBufferSwap
 .text.GSPGPU_SetLcdForceBlack
                0x001039fc       0x34 c:/devkitPro/libctru/lib\libctru.a(gspgpu.o)
                0x001039fc                GSPGPU_SetLcdForceBlack
 .text.GSPGPU_RegisterInterruptRelayQueue
                0x00103a30       0x64 c:/devkitPro/libctru/lib\libctru.a(gspgpu.o)
                0x00103a30                GSPGPU_RegisterInterruptRelayQueue
 .text.GSPGPU_UnregisterInterruptRelayQueue
                0x00103a94       0x2c c:/devkitPro/libctru/lib\libctru.a(gspgpu.o)
                0x00103a94                GSPGPU_UnregisterInterruptRelayQueue
 .text.GSPGPU_AcquireRight
                0x00103ac0       0x48 c:/devkitPro/libctru/lib\libctru.a(gspgpu.o)
                0x00103ac0                GSPGPU_AcquireRight
 .text.GSPGPU_ReleaseRight
                0x00103b08       0x2c c:/devkitPro/libctru/lib\libctru.a(gspgpu.o)
                0x00103b08                GSPGPU_ReleaseRight
 .text.GSPGPU_ImportDisplayCaptureInfo
                0x00103b34       0x80 c:/devkitPro/libctru/lib\libctru.a(gspgpu.o)
                0x00103b34                GSPGPU_ImportDisplayCaptureInfo
 .text.GSPGPU_SaveVramSysArea
                0x00103bb4       0x2c c:/devkitPro/libctru/lib\libctru.a(gspgpu.o)
                0x00103bb4                GSPGPU_SaveVramSysArea
 .text.GSPGPU_RestoreVramSysArea
                0x00103be0       0x2c c:/devkitPro/libctru/lib\libctru.a(gspgpu.o)
                0x00103be0                GSPGPU_RestoreVramSysArea
 .text.hidExit  0x00103c0c       0xd8 c:/devkitPro/libctru/lib\libctru.a(hid.o)
                0x00103c0c                hidExit
 .text.hidScanInput
                0x00103ce4      0x238 c:/devkitPro/libctru/lib\libctru.a(hid.o)
                0x00103ce4                hidScanInput
 .text.hidKeysHeld
                0x00103f1c       0x10 c:/devkitPro/libctru/lib\libctru.a(hid.o)
                0x00103f1c                hidKeysHeld
 .text.HIDUSER_GetHandles
                0x00103f2c       0x90 c:/devkitPro/libctru/lib\libctru.a(hid.o)
                0x00103f2c                HIDUSER_GetHandles
 .text.hidInit  0x00103fbc      0x184 c:/devkitPro/libctru/lib\libctru.a(hid.o)
                0x00103fbc                hidInit
 .text.irrstScanInput
                0x00104140       0xb0 c:/devkitPro/libctru/lib\libctru.a(irrst.o)
                0x00104140                irrstScanInput
 .text.irrstKeysHeld
                0x001041f0       0x1c c:/devkitPro/libctru/lib\libctru.a(irrst.o)
                0x001041f0                irrstKeysHeld
 .text.IRRST_GetHandles
                0x0010420c       0x50 c:/devkitPro/libctru/lib\libctru.a(irrst.o)
                0x0010420c                IRRST_GetHandles
 .text.irrstInit
                0x0010425c      0x148 c:/devkitPro/libctru/lib\libctru.a(irrst.o)
                0x0010425c                irrstInit
 .text.IRRST_Shutdown
                0x001043a4       0x2c c:/devkitPro/libctru/lib\libctru.a(irrst.o)
                0x001043a4                IRRST_Shutdown
 .text.irrstExit
                0x001043d0       0xb0 c:/devkitPro/libctru/lib\libctru.a(irrst.o)
                0x001043d0                irrstExit
 .text.__system_initArgv
                0x00104480       0xf4 c:/devkitPro/libctru/lib\libctru.a(initArgv.o)
                0x00104480                __system_initArgv
 .text.__libctru_init
                0x00104574       0x38 c:/devkitPro/libctru/lib\libctru.a(initSystem.o)
                0x00104574                __libctru_init
 .text.__ctru_get_reent
                0x001045ac       0x30 c:/devkitPro/libctru/lib\libctru.a(syscalls.o)
 .text.__system_initSyscalls
                0x001045dc       0xe8 c:/devkitPro/libctru/lib\libctru.a(syscalls.o)
                0x001045dc                __system_initSyscalls
 .text.svcControlMemory
                0x001046c4       0x20 c:/devkitPro/libctru/lib\libctru.a(svc.o)
                0x001046c4                svcControlMemory
 .text.svcExitProcess
                0x001046e4        0x8 c:/devkitPro/libctru/lib\libctru.a(svc.o)
                0x001046e4                svcExitProcess
 .text.svcCreateThread
                0x001046ec       0x20 c:/devkitPro/libctru/lib\libctru.a(svc.o)
                0x001046ec                svcCreateThread
 .text.svcExitThread
                0x0010470c        0x8 c:/devkitPro/libctru/lib\libctru.a(svc.o)
                0x0010470c                svcExitThread
 .text.svcCreateEvent
                0x00104714       0x14 c:/devkitPro/libctru/lib\libctru.a(svc.o)
                0x00104714                svcCreateEvent
 .text.svcSignalEvent
                0x00104728        0x8 c:/devkitPro/libctru/lib\libctru.a(svc.o)
                0x00104728                svcSignalEvent
 .text.svcClearEvent
                0x00104730        0x8 c:/devkitPro/libctru/lib\libctru.a(svc.o)
                0x00104730                svcClearEvent
 .text.svcMapMemoryBlock
                0x00104738        0x8 c:/devkitPro/libctru/lib\libctru.a(svc.o)
                0x00104738                svcMapMemoryBlock
 .text.svcUnmapMemoryBlock
                0x00104740        0x8 c:/devkitPro/libctru/lib\libctru.a(svc.o)
                0x00104740                svcUnmapMemoryBlock
 .text.svcCreateAddressArbiter
                0x00104748       0x14 c:/devkitPro/libctru/lib\libctru.a(svc.o)
                0x00104748                svcCreateAddressArbiter
 .text.svcArbitrateAddress
                0x0010475c       0x18 c:/devkitPro/libctru/lib\libctru.a(svc.o)
                0x0010475c                svcArbitrateAddress
 .text.svcCloseHandle
                0x00104774        0x8 c:/devkitPro/libctru/lib\libctru.a(svc.o)
                0x00104774                svcCloseHandle
 .text.svcWaitSynchronization
                0x0010477c        0x8 c:/devkitPro/libctru/lib\libctru.a(svc.o)
                0x0010477c                svcWaitSynchronization
 .text.svcWaitSynchronizationN
                0x00104784       0x28 c:/devkitPro/libctru/lib\libctru.a(svc.o)
                0x00104784                svcWaitSynchronizationN
 .text.svcDuplicateHandle
                0x001047ac       0x14 c:/devkitPro/libctru/lib\libctru.a(svc.o)
                0x001047ac                svcDuplicateHandle
 .text.svcGetSystemTick
                0x001047c0        0x8 c:/devkitPro/libctru/lib\libctru.a(svc.o)
                0x001047c0                svcGetSystemTick
 .text.svcGetSystemInfo
                0x001047c8       0x18 c:/devkitPro/libctru/lib\libctru.a(svc.o)
                0x001047c8                svcGetSystemInfo
 .text.svcConnectToPort
                0x001047e0       0x14 c:/devkitPro/libctru/lib\libctru.a(svc.o)
                0x001047e0                svcConnectToPort
 .text.svcSendSyncRequest
                0x001047f4        0x8 c:/devkitPro/libctru/lib\libctru.a(svc.o)
                0x001047f4                svcSendSyncRequest
 .text.svcBreak
                0x001047fc        0x8 c:/devkitPro/libctru/lib\libctru.a(svc.o)
                0x001047fc                svcBreak
 .text._ZL21addrMapNodeComparatorPK11rbtree_nodeS1_
                0x00104804       0x24 c:/devkitPro/libctru/lib\libctru.a(linear.o)
 .text._ZL21addrMapNodeDestructorP11rbtree_node
                0x00104828        0x4 c:/devkitPro/libctru/lib\libctru.a(linear.o)
 .text.linearMemAlign
                0x0010482c      0x140 c:/devkitPro/libctru/lib\libctru.a(linear.o)
                0x0010482c                linearMemAlign
 .text.linearAlloc
                0x0010496c        0x8 c:/devkitPro/libctru/lib\libctru.a(linear.o)
                0x0010496c                linearAlloc
 .text.linearFree
                0x00104974       0x50 c:/devkitPro/libctru/lib\libctru.a(linear.o)
                0x00104974                linearFree
 .text._ZL21addrMapNodeComparatorPK11rbtree_nodeS1_
                0x001049c4       0x24 c:/devkitPro/libctru/lib\libctru.a(mappable.o)
 .text._ZL21addrMapNodeDestructorP11rbtree_node
                0x001049e8        0x4 c:/devkitPro/libctru/lib\libctru.a(mappable.o)
 .text.mappableAlloc
                0x001049ec       0xf4 c:/devkitPro/libctru/lib\libctru.a(mappable.o)
                0x001049ec                mappableAlloc
 .text.mappableFree
                0x00104ae0       0x50 c:/devkitPro/libctru/lib\libctru.a(mappable.o)
                0x00104ae0                mappableFree
 .text._ZN7MemPool13CoalesceRightEP8MemBlock
                0x00104b30       0xa0 c:/devkitPro/libctru/lib\libctru.a(mem_pool.o)
                0x00104b30                MemPool::CoalesceRight(MemBlock*)
 .text._ZN7MemPool8AllocateER8MemChunkmi
                0x00104bd0      0x18c c:/devkitPro/libctru/lib\libctru.a(mem_pool.o)
                0x00104bd0                MemPool::Allocate(MemChunk&, unsigned long, int)
 .text._ZN7MemPool10DeallocateERK8MemChunk
                0x00104d5c      0x104 c:/devkitPro/libctru/lib\libctru.a(mem_pool.o)
                0x00104d5c                MemPool::Deallocate(MemChunk const&)
 .text._ZL21addrMapNodeComparatorPK11rbtree_nodeS1_
                0x00104e60       0x24 c:/devkitPro/libctru/lib\libctru.a(vram.o)
 .text._ZL21addrMapNodeDestructorP11rbtree_node
                0x00104e84        0x4 c:/devkitPro/libctru/lib\libctru.a(vram.o)
 .text.vramMemAlign
                0x00104e88      0x130 c:/devkitPro/libctru/lib\libctru.a(vram.o)
                0x00104e88                vramMemAlign
 .text.vramAlloc
                0x00104fb8        0x8 c:/devkitPro/libctru/lib\libctru.a(vram.o)
                0x00104fb8                vramAlloc
 .text.vramFree
                0x00104fc0       0x50 c:/devkitPro/libctru/lib\libctru.a(vram.o)
                0x00104fc0                vramFree
 .text.envGetHandle
                0x00105010       0x94 c:/devkitPro/libctru/lib\libctru.a(env.o)
                0x00105010                envGetHandle
 .text.envDestroyHandles
                0x001050a4       0x4c c:/devkitPro/libctru/lib\libctru.a(env.o)
                0x001050a4                envDestroyHandles
 .text.getSysTime
                0x001050f0       0x58 c:/devkitPro/libctru/lib\libctru.a(os.o)
 .text.osGetMemRegionUsed
                0x00105148       0x24 c:/devkitPro/libctru/lib\libctru.a(os.o)
                0x00105148                osGetMemRegionUsed
 *fill*         0x0010516c        0x4 
 .text.__libctru_gtod
                0x00105170       0xf8 c:/devkitPro/libctru/lib\libctru.a(os.o)
                0x00105170                __libctru_gtod
 .text.__ctru_speedup_config
                0x00105268       0x34 c:/devkitPro/libctru/lib\libctru.a(os.o)
                0x00105268                __ctru_speedup_config
 .text.srvExit  0x0010529c       0x50 c:/devkitPro/libctru/lib\libctru.a(srv.o)
                0x0010529c                srvExit
 .text.srvRegisterClient
                0x001052ec       0x38 c:/devkitPro/libctru/lib\libctru.a(srv.o)
                0x001052ec                srvRegisterClient
 .text.srvInit  0x00105324       0x70 c:/devkitPro/libctru/lib\libctru.a(srv.o)
                0x00105324                srvInit
 .text.srvGetServiceHandleDirect
                0x00105394       0x68 c:/devkitPro/libctru/lib\libctru.a(srv.o)
                0x00105394                srvGetServiceHandleDirect
 .text.srvGetServiceHandle
                0x001053fc       0x38 c:/devkitPro/libctru/lib\libctru.a(srv.o)
                0x001053fc                srvGetServiceHandle
 .text.LightLock_Unlock.part.1
                0x00105434       0x34 c:/devkitPro/libctru/lib\libctru.a(synchronization.o)
 .text.__sync_init
                0x00105468        0xc c:/devkitPro/libctru/lib\libctru.a(synchronization.o)
                0x00105468                __sync_init
 .text.__sync_fini
                0x00105474       0x18 c:/devkitPro/libctru/lib\libctru.a(synchronization.o)
                0x00105474                __sync_fini
 .text.LightLock_Init
                0x0010548c       0x18 c:/devkitPro/libctru/lib\libctru.a(synchronization.o)
                0x0010548c                LightLock_Init
 .text.LightLock_Lock
                0x001054a4       0x94 c:/devkitPro/libctru/lib\libctru.a(synchronization.o)
                0x001054a4                LightLock_Lock
 .text.LightLock_TryLock
                0x00105538       0x34 c:/devkitPro/libctru/lib\libctru.a(synchronization.o)
                0x00105538                LightLock_TryLock
 .text.LightLock_Unlock
                0x0010556c       0x20 c:/devkitPro/libctru/lib\libctru.a(synchronization.o)
                0x0010556c                LightLock_Unlock
 .text.RecursiveLock_Init
                0x0010558c       0x24 c:/devkitPro/libctru/lib\libctru.a(synchronization.o)
                0x0010558c                RecursiveLock_Init
 .text.RecursiveLock_Lock
                0x001055b0       0x30 c:/devkitPro/libctru/lib\libctru.a(synchronization.o)
                0x001055b0                RecursiveLock_Lock
 .text.RecursiveLock_TryLock
                0x001055e0       0x58 c:/devkitPro/libctru/lib\libctru.a(synchronization.o)
                0x001055e0                RecursiveLock_TryLock
 .text.RecursiveLock_Unlock
                0x00105638       0x38 c:/devkitPro/libctru/lib\libctru.a(synchronization.o)
                0x00105638                RecursiveLock_Unlock
 .text.threadCreate
                0x00105670      0x1c8 c:/devkitPro/libctru/lib\libctru.a(thread.o)
                0x00105670                threadCreate
 .text.threadJoin
                0x00105838       0x24 c:/devkitPro/libctru/lib\libctru.a(thread.o)
                0x00105838                threadJoin
 .text.threadExit
                0x0010585c       0x6c c:/devkitPro/libctru/lib\libctru.a(thread.o)
                0x0010585c                threadExit
 .text._thread_begin
                0x001058c8       0x3c c:/devkitPro/libctru/lib\libctru.a(thread.o)
 .text.ptmSysmInit
                0x00105904       0x70 c:/devkitPro/libctru/lib\libctru.a(ptmsysm.o)
                0x00105904                ptmSysmInit
 .text.ptmSysmExit
                0x00105974       0x34 c:/devkitPro/libctru/lib\libctru.a(ptmsysm.o)
                0x00105974                ptmSysmExit
 .text.PTMSYSM_ConfigureNew3DSCPU
                0x001059a8       0x34 c:/devkitPro/libctru/lib\libctru.a(ptmsysm.o)
                0x001059a8                PTMSYSM_ConfigureNew3DSCPU
 .text.rbtree_find
                0x001059dc       0x70 c:/devkitPro/libctru/lib\libctru.a(rbtree_find.o)
                0x001059dc                rbtree_find
 .text.rbtree_init
                0x00105a4c       0x14 c:/devkitPro/libctru/lib\libctru.a(rbtree_init.o)
                0x00105a4c                rbtree_init
 .text.do_insert
                0x00105a60      0x1d4 c:/devkitPro/libctru/lib\libctru.a(rbtree_insert.o)
 .text.rbtree_insert
                0x00105c34        0x8 c:/devkitPro/libctru/lib\libctru.a(rbtree_insert.o)
                0x00105c34                rbtree_insert
 .text.rbtree_remove
                0x00105c3c      0x35c c:/devkitPro/libctru/lib\libctru.a(rbtree_remove.o)
                0x00105c3c                rbtree_remove
 .text.rbtree_rotate
                0x00105f98       0xac c:/devkitPro/libctru/lib\libctru.a(rbtree_rotate.o)
                0x00105f98                rbtree_rotate
 .text.osGetMemRegionSize
                0x00106044       0x58 c:/devkitPro/libctru/lib\libctru.a(allocateHeaps.o)
 .text.__system_allocateHeaps
                0x0010609c      0x124 c:/devkitPro/libctru/lib\libctru.a(allocateHeaps.o)
                0x0010609c                __system_allocateHeaps
 .text.__appExit
                0x001061c0       0x1c c:/devkitPro/libctru/lib\libctru.a(appExit.o)
                0x001061c0                __appExit
 .text.__appInit
                0x001061dc       0x1c c:/devkitPro/libctru/lib\libctru.a(appInit.o)
                0x001061dc                __appInit
 .text.__libctru_exit
                0x001061f8       0xa4 c:/devkitPro/libctru/lib\libctru.a(ctru_exit.o)
                0x001061f8                __libctru_exit
 .text.sdmc_link
                0x0010629c       0x10 c:/devkitPro/libctru/lib\libctru.a(sdmc_dev.o)
 .text.sdmc_dirreset
                0x001062ac       0x10 c:/devkitPro/libctru/lib\libctru.a(sdmc_dev.o)
 .text.sdmc_chmod
                0x001062bc       0x10 c:/devkitPro/libctru/lib\libctru.a(sdmc_dev.o)
 .text.sdmc_fchmod
                0x001062cc       0x10 c:/devkitPro/libctru/lib\libctru.a(sdmc_dev.o)
 .text.error_cmp
                0x001062dc       0x24 c:/devkitPro/libctru/lib\libctru.a(sdmc_dev.o)
 .text.sdmc_translate_error
                0x00106300       0x50 c:/devkitPro/libctru/lib\libctru.a(sdmc_dev.o)
 .text.sdmc_fsync
                0x00106350       0x34 c:/devkitPro/libctru/lib\libctru.a(sdmc_dev.o)
 .text.sdmc_ftruncate
                0x00106384       0x54 c:/devkitPro/libctru/lib\libctru.a(sdmc_dev.o)
 .text.sdmc_statvfs
                0x001063d8       0xac c:/devkitPro/libctru/lib\libctru.a(sdmc_dev.o)
 .text.sdmc_dirclose
                0x00106484       0x38 c:/devkitPro/libctru/lib\libctru.a(sdmc_dev.o)
 .text.sdmc_dirnext
                0x001064bc       0xe0 c:/devkitPro/libctru/lib\libctru.a(sdmc_dev.o)
 .text.sdmc_close
                0x0010659c       0x34 c:/devkitPro/libctru/lib\libctru.a(sdmc_dev.o)
 .text.sdmc_fstat
                0x001065d0       0x74 c:/devkitPro/libctru/lib\libctru.a(sdmc_dev.o)
 .text.sdmc_seek
                0x00106644       0xc0 c:/devkitPro/libctru/lib\libctru.a(sdmc_dev.o)
 .text.sdmc_read
                0x00106704       0x8c c:/devkitPro/libctru/lib\libctru.a(sdmc_dev.o)
 .text.sdmc_write
                0x00106790      0x108 c:/devkitPro/libctru/lib\libctru.a(sdmc_dev.o)
 .text.sdmc_utf16path
                0x00106898      0x1b4 c:/devkitPro/libctru/lib\libctru.a(sdmc_dev.o)
 .text.sdmc_rmdir
                0x00106a4c       0x80 c:/devkitPro/libctru/lib\libctru.a(sdmc_dev.o)
 .text.sdmc_diropen
                0x00106acc       0x9c c:/devkitPro/libctru/lib\libctru.a(sdmc_dev.o)
 .text.sdmc_chdir
                0x00106b68       0xa8 c:/devkitPro/libctru/lib\libctru.a(sdmc_dev.o)
 .text.sdmc_mkdir
                0x00106c10       0x84 c:/devkitPro/libctru/lib\libctru.a(sdmc_dev.o)
 .text.sdmc_rename
                0x00106c94      0x138 c:/devkitPro/libctru/lib\libctru.a(sdmc_dev.o)
 .text.sdmc_unlink
                0x00106dcc       0x80 c:/devkitPro/libctru/lib\libctru.a(sdmc_dev.o)
 .text.sdmc_stat
                0x00106e4c      0x120 c:/devkitPro/libctru/lib\libctru.a(sdmc_dev.o)
 .text.sdmc_open
                0x00106f6c      0x1ac c:/devkitPro/libctru/lib\libctru.a(sdmc_dev.o)
 .text.sdmcInit
                0x00107118      0x134 c:/devkitPro/libctru/lib\libctru.a(sdmc_dev.o)
                0x00107118                sdmcInit
 .text.sdmcExit
                0x0010724c       0x50 c:/devkitPro/libctru/lib\libctru.a(sdmc_dev.o)
                0x0010724c                sdmcExit
 .text.fsInit   0x0010729c       0xc8 c:/devkitPro/libctru/lib\libctru.a(fs.o)
                0x0010729c                fsInit
 .text.fsExit   0x00107364       0x34 c:/devkitPro/libctru/lib\libctru.a(fs.o)
                0x00107364                fsExit
 .text.FSUSER_OpenFile
                0x00107398       0xdc c:/devkitPro/libctru/lib\libctru.a(fs.o)
                0x00107398                FSUSER_OpenFile
 .text.FSUSER_DeleteFile
                0x00107474       0xb8 c:/devkitPro/libctru/lib\libctru.a(fs.o)
                0x00107474                FSUSER_DeleteFile
 .text.FSUSER_RenameFile
                0x0010752c       0xf4 c:/devkitPro/libctru/lib\libctru.a(fs.o)
                0x0010752c                FSUSER_RenameFile
 .text.FSUSER_DeleteDirectory
                0x00107620       0xb8 c:/devkitPro/libctru/lib\libctru.a(fs.o)
                0x00107620                FSUSER_DeleteDirectory
 .text.FSUSER_CreateFile
                0x001076d8       0xd0 c:/devkitPro/libctru/lib\libctru.a(fs.o)
                0x001076d8                FSUSER_CreateFile
 .text.FSUSER_CreateDirectory
                0x001077a8       0xc0 c:/devkitPro/libctru/lib\libctru.a(fs.o)
                0x001077a8                FSUSER_CreateDirectory
 .text.FSUSER_RenameDirectory
                0x00107868       0xf4 c:/devkitPro/libctru/lib\libctru.a(fs.o)
                0x00107868                FSUSER_RenameDirectory
 .text.FSUSER_OpenDirectory
                0x0010795c       0xc4 c:/devkitPro/libctru/lib\libctru.a(fs.o)
                0x0010795c                FSUSER_OpenDirectory
 .text.FSUSER_OpenArchive
                0x00107a20       0xbc c:/devkitPro/libctru/lib\libctru.a(fs.o)
                0x00107a20                FSUSER_OpenArchive
 .text.FSUSER_CloseArchive
                0x00107adc       0x88 c:/devkitPro/libctru/lib\libctru.a(fs.o)
                0x00107adc                FSUSER_CloseArchive
 .text.FSUSER_GetSdmcArchiveResource
                0x00107b64       0x8c c:/devkitPro/libctru/lib\libctru.a(fs.o)
                0x00107b64                FSUSER_GetSdmcArchiveResource
 .text.FSUSER_IsSdmcWritable
                0x00107bf0       0x64 c:/devkitPro/libctru/lib\libctru.a(fs.o)
                0x00107bf0                FSUSER_IsSdmcWritable
 .text.FSFILE_Read
                0x00107c54       0x5c c:/devkitPro/libctru/lib\libctru.a(fs.o)
                0x00107c54                FSFILE_Read
 .text.FSFILE_Write
                0x00107cb0       0x64 c:/devkitPro/libctru/lib\libctru.a(fs.o)
                0x00107cb0                FSFILE_Write
 .text.FSFILE_GetSize
                0x00107d14       0x3c c:/devkitPro/libctru/lib\libctru.a(fs.o)
                0x00107d14                FSFILE_GetSize
 .text.FSFILE_SetSize
                0x00107d50       0x2c c:/devkitPro/libctru/lib\libctru.a(fs.o)
                0x00107d50                FSFILE_SetSize
 .text.FSFILE_Close
                0x00107d7c       0x3c c:/devkitPro/libctru/lib\libctru.a(fs.o)
                0x00107d7c                FSFILE_Close
 .text.FSFILE_Flush
                0x00107db8       0x24 c:/devkitPro/libctru/lib\libctru.a(fs.o)
                0x00107db8                FSFILE_Flush
 .text.FSDIR_Read
                0x00107ddc       0x54 c:/devkitPro/libctru/lib\libctru.a(fs.o)
                0x00107ddc                FSDIR_Read
 .text.FSDIR_Close
                0x00107e30       0x3c c:/devkitPro/libctru/lib\libctru.a(fs.o)
                0x00107e30                FSDIR_Close
 .text.rbtree_node_next
                0x00107e6c       0x8c c:/devkitPro/libctru/lib\libctru.a(rbtree_iterator.o)
                0x00107e6c                rbtree_node_next
 .text.decode_utf8
                0x00107ef8      0x138 c:/devkitPro/libctru/lib\libctru.a(decode_utf8.o)
                0x00107ef8                decode_utf8
 .text.utf16_to_utf8
                0x00108030       0xe4 c:/devkitPro/libctru/lib\libctru.a(utf16_to_utf8.o)
                0x00108030                utf16_to_utf8
 .text.utf8_to_utf16
                0x00108114       0xbc c:/devkitPro/libctru/lib\libctru.a(utf8_to_utf16.o)
                0x00108114                utf8_to_utf16
 .text.__aeabi_read_tp
                0x001081d0        0xc c:/devkitPro/libctru/lib\libctru.a(readtp.o)
                0x001081d0                __aeabi_read_tp
 .text.decode_utf16
                0x001081dc       0x60 c:/devkitPro/libctru/lib\libctru.a(decode_utf16.o)
                0x001081dc                decode_utf16
 .text.encode_utf16
                0x0010823c       0x68 c:/devkitPro/libctru/lib\libctru.a(encode_utf16.o)
                0x0010823c                encode_utf16
 .text.encode_utf8
                0x001082a4      0x104 c:/devkitPro/libctru/lib\libctru.a(encode_utf8.o)
                0x001082a4                encode_utf8
 .text.bsearch  0x001083a8       0x78 c:/devkitpro/devkitarm/bin/../lib/gcc/arm-none-eabi/5.3.0/../../../../arm-none-eabi/lib/armv6k/fpu\libg.a(lib_a-bsearch.o)
                0x001083a8                bsearch
 .text._fclose_r
                0x00108420      0x120 c:/devkitpro/devkitarm/bin/../lib/gcc/arm-none-eabi/5.3.0/../../../../arm-none-eabi/lib/armv6k/fpu\libg.a(lib_a-fclose.o)
                0x00108420                _fclose_r
 .text.fclose   0x00108540       0x18 c:/devkitpro/devkitarm/bin/../lib/gcc/arm-none-eabi/5.3.0/../../../../arm-none-eabi/lib/armv6k/fpu\libg.a(lib_a-fclose.o)
                0x00108540                fclose
 .text.__sflush_r
                0x00108558      0x230 c:/devkitpro/devkitarm/bin/../lib/gcc/arm-none-eabi/5.3.0/../../../../arm-none-eabi/lib/armv6k/fpu\libg.a(lib_a-fflush.o)
                0x00108558                __sflush_r
 .text._fflush_r
                0x00108788       0x90 c:/devkitpro/devkitarm/bin/../lib/gcc/arm-none-eabi/5.3.0/../../../../arm-none-eabi/lib/armv6k/fpu\libg.a(lib_a-fflush.o)
                0x00108788                _fflush_r
 .text.fflush   0x00108818       0x38 c:/devkitpro/devkitarm/bin/../lib/gcc/arm-none-eabi/5.3.0/../../../../arm-none-eabi/lib/armv6k/fpu\libg.a(lib_a-fflush.o)
                0x00108818                fflush
 .text._cleanup_r
                0x00108850        0xc c:/devkitpro/devkitarm/bin/../lib/gcc/arm-none-eabi/5.3.0/../../../../arm-none-eabi/lib/armv6k/fpu\libg.a(lib_a-findfp.o)
                0x00108850                _cleanup_r
 .text.std.isra.0
                0x0010885c       0x80 c:/devkitpro/devkitarm/bin/../lib/gcc/arm-none-eabi/5.3.0/../../../../arm-none-eabi/lib/armv6k/fpu\libg.a(lib_a-findfp.o)
 .text.__sfmoreglue
                0x001088dc       0x48 c:/devkitpro/devkitarm/bin/../lib/gcc/arm-none-eabi/5.3.0/../../../../arm-none-eabi/lib/armv6k/fpu\libg.a(lib_a-findfp.o)
                0x001088dc                __sfmoreglue
 .text.__sinit  0x00108924       0x8c c:/devkitpro/devkitarm/bin/../lib/gcc/arm-none-eabi/5.3.0/../../../../arm-none-eabi/lib/armv6k/fpu\libg.a(lib_a-findfp.o)
                0x00108924                __sinit
 .text.__sfp    0x001089b0      0x11c c:/devkitpro/devkitarm/bin/../lib/gcc/arm-none-eabi/5.3.0/../../../../arm-none-eabi/lib/armv6k/fpu\libg.a(lib_a-findfp.o)
                0x001089b0                __sfp
 .text.__sfp_lock_acquire
                0x00108acc        0xc c:/devkitpro/devkitarm/bin/../lib/gcc/arm-none-eabi/5.3.0/../../../../arm-none-eabi/lib/armv6k/fpu\libg.a(lib_a-findfp.o)
                0x00108acc                __sfp_lock_acquire
 .text.__sfp_lock_release
                0x00108ad8        0xc c:/devkitpro/devkitarm/bin/../lib/gcc/arm-none-eabi/5.3.0/../../../../arm-none-eabi/lib/armv6k/fpu\libg.a(lib_a-findfp.o)
                0x00108ad8                __sfp_lock_release
 .text.__libc_fini_array
                0x00108ae4       0x3c c:/devkitpro/devkitarm/bin/../lib/gcc/arm-none-eabi/5.3.0/../../../../arm-none-eabi/lib/armv6k/fpu\libg.a(lib_a-fini.o)
                0x00108ae4                __libc_fini_array
 .text._fopen_r
                0x00108b20      0x13c c:/devkitpro/devkitarm/bin/../lib/gcc/arm-none-eabi/5.3.0/../../../../arm-none-eabi/lib/armv6k/fpu\libg.a(lib_a-fopen.o)
                0x00108b20                _fopen_r
 .text.fopen    0x00108c5c       0x20 c:/devkitpro/devkitarm/bin/../lib/gcc/arm-none-eabi/5.3.0/../../../../arm-none-eabi/lib/armv6k/fpu\libg.a(lib_a-fopen.o)
                0x00108c5c                fopen
 .text._fread_r
                0x00108c7c      0x2ec c:/devkitpro/devkitarm/bin/../lib/gcc/arm-none-eabi/5.3.0/../../../../arm-none-eabi/lib/armv6k/fpu\libg.a(lib_a-fread.o)
                0x00108c7c                _fread_r
 .text.fread    0x00108f68       0x38 c:/devkitpro/devkitarm/bin/../lib/gcc/arm-none-eabi/5.3.0/../../../../arm-none-eabi/lib/armv6k/fpu\libg.a(lib_a-fread.o)
                0x00108f68                fread
 .text._malloc_trim_r
                0x00108fa0       0xf8 c:/devkitpro/devkitarm/bin/../lib/gcc/arm-none-eabi/5.3.0/../../../../arm-none-eabi/lib/armv6k/fpu\libg.a(lib_a-freer.o)
                0x00108fa0                _malloc_trim_r
 .text._free_r  0x00109098      0x2e4 c:/devkitpro/devkitarm/bin/../lib/gcc/arm-none-eabi/5.3.0/../../../../arm-none-eabi/lib/armv6k/fpu\libg.a(lib_a-freer.o)
                0x00109098                _free_r
 .text._fseek_r
                0x0010937c        0x4 c:/devkitpro/devkitarm/bin/../lib/gcc/arm-none-eabi/5.3.0/../../../../arm-none-eabi/lib/armv6k/fpu\libg.a(lib_a-fseek.o)
                0x0010937c                _fseek_r
 .text.fseek    0x00109380       0x28 c:/devkitpro/devkitarm/bin/../lib/gcc/arm-none-eabi/5.3.0/../../../../arm-none-eabi/lib/armv6k/fpu\libg.a(lib_a-fseek.o)
                0x00109380                fseek
 .text._fseeko_r
                0x001093a8      0x4f8 c:/devkitpro/devkitarm/bin/../lib/gcc/arm-none-eabi/5.3.0/../../../../arm-none-eabi/lib/armv6k/fpu\libg.a(lib_a-fseeko.o)
                0x001093a8                _fseeko_r
 .text.ftell    0x001098a0       0x18 c:/devkitpro/devkitarm/bin/../lib/gcc/arm-none-eabi/5.3.0/../../../../arm-none-eabi/lib/armv6k/fpu\libg.a(lib_a-ftell.o)
                0x001098a0                ftell
 .text._ftello_r
                0x001098b8      0x164 c:/devkitpro/devkitarm/bin/../lib/gcc/arm-none-eabi/5.3.0/../../../../arm-none-eabi/lib/armv6k/fpu\libg.a(lib_a-ftello.o)
                0x001098b8                _ftello_r
 .text._fwalk   0x00109a1c       0x78 c:/devkitpro/devkitarm/bin/../lib/gcc/arm-none-eabi/5.3.0/../../../../arm-none-eabi/lib/armv6k/fpu\libg.a(lib_a-fwalk.o)
                0x00109a1c                _fwalk
 .text._fwalk_reent
                0x00109a94       0x80 c:/devkitpro/devkitarm/bin/../lib/gcc/arm-none-eabi/5.3.0/../../../../arm-none-eabi/lib/armv6k/fpu\libg.a(lib_a-fwalk.o)
                0x00109a94                _fwalk_reent
 .text.__libc_init_array
                0x00109b14       0x78 c:/devkitpro/devkitarm/bin/../lib/gcc/arm-none-eabi/5.3.0/../../../../arm-none-eabi/lib/armv6k/fpu\libg.a(lib_a-init.o)
                0x00109b14                __libc_init_array
 .text.__smakebuf_r
                0x00109b8c      0x160 c:/devkitpro/devkitarm/bin/../lib/gcc/arm-none-eabi/5.3.0/../../../../arm-none-eabi/lib/armv6k/fpu\libg.a(lib_a-makebuf.o)
                0x00109b8c                __smakebuf_r
 .text.memalign
                0x00109cec       0x20 c:/devkitpro/devkitarm/bin/../lib/gcc/arm-none-eabi/5.3.0/../../../../arm-none-eabi/lib/armv6k/fpu\libg.a(lib_a-malign.o)
                0x00109cec                memalign
 .text._memalign_r
                0x00109d0c      0x15c c:/devkitpro/devkitarm/bin/../lib/gcc/arm-none-eabi/5.3.0/../../../../arm-none-eabi/lib/armv6k/fpu\libg.a(lib_a-malignr.o)
                0x00109d0c                _memalign_r
 .text.malloc   0x00109e68       0x18 c:/devkitpro/devkitarm/bin/../lib/gcc/arm-none-eabi/5.3.0/../../../../arm-none-eabi/lib/armv6k/fpu\libg.a(lib_a-malloc.o)
                0x00109e68                malloc
 .text.free     0x00109e80       0x18 c:/devkitpro/devkitarm/bin/../lib/gcc/arm-none-eabi/5.3.0/../../../../arm-none-eabi/lib/armv6k/fpu\libg.a(lib_a-malloc.o)
                0x00109e80                free
 .text._malloc_r
                0x00109e98      0x7a8 c:/devkitpro/devkitarm/bin/../lib/gcc/arm-none-eabi/5.3.0/../../../../arm-none-eabi/lib/armv6k/fpu\libg.a(lib_a-mallocr.o)
                0x00109e98                _malloc_r
 .text.memcpy   0x0010a640       0xf0 c:/devkitpro/devkitarm/bin/../lib/gcc/arm-none-eabi/5.3.0/../../../../arm-none-eabi/lib/armv6k/fpu\libg.a(lib_a-memcpy.o)
                0x0010a640                memcpy
 .text.memset   0x0010a730       0xf4 c:/devkitpro/devkitarm/bin/../lib/gcc/arm-none-eabi/5.3.0/../../../../arm-none-eabi/lib/armv6k/fpu\libg.a(lib_a-memset.o)
                0x0010a730                memset
 .text.__malloc_lock
                0x0010a824        0xc c:/devkitpro/devkitarm/bin/../lib/gcc/arm-none-eabi/5.3.0/../../../../arm-none-eabi/lib/armv6k/fpu\libg.a(lib_a-mlock.o)
                0x0010a824                __malloc_lock
 .text.__malloc_unlock
                0x0010a830        0xc c:/devkitpro/devkitarm/bin/../lib/gcc/arm-none-eabi/5.3.0/../../../../arm-none-eabi/lib/armv6k/fpu\libg.a(lib_a-mlock.o)
                0x0010a830                __malloc_unlock
 .text.lflush   0x0010a83c       0x1c c:/devkitpro/devkitarm/bin/../lib/gcc/arm-none-eabi/5.3.0/../../../../arm-none-eabi/lib/armv6k/fpu\libg.a(lib_a-refill.o)
 .text.__srefill_r
                0x0010a858      0x1d8 c:/devkitpro/devkitarm/bin/../lib/gcc/arm-none-eabi/5.3.0/../../../../arm-none-eabi/lib/armv6k/fpu\libg.a(lib_a-refill.o)
                0x0010a858                __srefill_r
 .text.__sread  0x0010aa30       0x30 c:/devkitpro/devkitarm/bin/../lib/gcc/arm-none-eabi/5.3.0/../../../../arm-none-eabi/lib/armv6k/fpu\libg.a(lib_a-stdio.o)
                0x0010aa30                __sread
 .text.__swrite
                0x0010aa60       0x54 c:/devkitpro/devkitarm/bin/../lib/gcc/arm-none-eabi/5.3.0/../../../../arm-none-eabi/lib/armv6k/fpu\libg.a(lib_a-stdio.o)
                0x0010aa60                __swrite
 .text.__sseek  0x0010aab4       0x2c c:/devkitpro/devkitarm/bin/../lib/gcc/arm-none-eabi/5.3.0/../../../../arm-none-eabi/lib/armv6k/fpu\libg.a(lib_a-stdio.o)
                0x0010aab4                __sseek
 .text.__sclose
                0x0010aae0        0x8 c:/devkitpro/devkitarm/bin/../lib/gcc/arm-none-eabi/5.3.0/../../../../arm-none-eabi/lib/armv6k/fpu\libg.a(lib_a-stdio.o)
                0x0010aae0                __sclose
 .text.strlen   0x0010aae8       0x5c c:/devkitpro/devkitarm/bin/../lib/gcc/arm-none-eabi/5.3.0/../../../../arm-none-eabi/lib/armv6k/fpu\libg.a(lib_a-strlen.o)
                0x0010aae8                strlen
 .text.strncat  0x0010ab44       0xa4 c:/devkitpro/devkitarm/bin/../lib/gcc/arm-none-eabi/5.3.0/../../../../arm-none-eabi/lib/armv6k/fpu\libg.a(lib_a-strncat.o)
                0x0010ab44                strncat
 .text.strncpy  0x0010abe8       0xe0 c:/devkitpro/devkitarm/bin/../lib/gcc/arm-none-eabi/5.3.0/../../../../arm-none-eabi/lib/armv6k/fpu\libg.a(lib_a-strncpy.o)
                0x0010abe8                strncpy
 .text.__sflags
                0x0010acc8       0xb0 c:/devkitpro/devkitarm/bin/../lib/gcc/arm-none-eabi/5.3.0/../../../../arm-none-eabi/lib/armv6k/fpu\libg.a(lib_a-flags.o)
                0x0010acc8                __sflags
 .text.__errno  0x0010ad78        0xc c:/devkitpro/devkitarm/bin/../lib/gcc/arm-none-eabi/5.3.0/../../../../arm-none-eabi/lib/armv6k/fpu\libg.a(lib_a-errno.o)
                0x0010ad78                __errno
 .text.strchr   0x0010ad84      0x15c c:/devkitpro/devkitarm/bin/../lib/gcc/arm-none-eabi/5.3.0/../../../../arm-none-eabi/lib/armv6k/fpu\libg.a(lib_a-strchr.o)
                0x0010ad84                strchr
 .text.strncmp  0x0010aee0      0x11c c:/devkitpro/devkitarm/bin/../lib/gcc/arm-none-eabi/5.3.0/../../../../arm-none-eabi/lib/armv6k/fpu\libg.a(lib_a-strncmp.o)
                0x0010aee0                strncmp
 .text.strnlen  0x0010affc       0x5c c:/devkitpro/devkitarm/bin/../lib/gcc/arm-none-eabi/5.3.0/../../../../arm-none-eabi/lib/armv6k/fpu\libg.a(lib_a-strnlen.o)
                0x0010affc                strnlen
 .text.strrchr  0x0010b058       0x44 c:/devkitpro/devkitarm/bin/../lib/gcc/arm-none-eabi/5.3.0/../../../../arm-none-eabi/lib/armv6k/fpu\libg.a(lib_a-strrchr.o)
                0x0010b058                strrchr
 *(.glue_7)
 .glue_7        0x0010b09c        0x0 linker stubs
 *(.glue_7t)
 .glue_7t       0x0010b09c        0x0 linker stubs
 *(.stub)
 *(.gnu.warning)
 *(.gnu.linkonce.t*)
                0x0010b09c                . = ALIGN (0x4)
 *(.fini)
 .fini          0x0010b09c        0xc c:/devkitpro/devkitarm/bin/../lib/gcc/arm-none-eabi/5.3.0/armv6k/fpu/crti.o
                0x0010b09c                _fini
 .fini          0x0010b0a8        0xc c:/devkitpro/devkitarm/bin/../lib/gcc/arm-none-eabi/5.3.0/armv6k/fpu/crtn.o
                0x0010b0b4                . = ALIGN (0x4)

.vfp11_veneer   0x0010b0b4        0x0
 .vfp11_veneer  0x0010b0b4        0x0 linker stubs

.v4_bx          0x0010b0b4        0x0
 .v4_bx         0x0010b0b4        0x0 linker stubs

.iplt           0x0010b0b4        0x0
 .iplt          0x0010b0b4        0x0 c:/devkitpro/devkitarm/bin/../lib/gcc/arm-none-eabi/5.3.0/../../../../arm-none-eabi/lib/armv6k/fpu/3dsx_crt0.o

.rodata         0x0010c000      0x258
 *(.rodata)
 .rodata        0x0010c000       0x1c c:/devkitPro/libctru/lib\libctru.a(gfx.o)
 .rodata        0x0010c01c        0xc c:/devkitPro/libctru/lib\libctru.a(apt.o)
 .rodata        0x0010c028       0x30 c:/devkitPro/libctru/lib\libctru.a(sdmc_dev.o)
 .rodata        0x0010c058       0x68 c:/devkitpro/devkitarm/bin/../lib/gcc/arm-none-eabi/5.3.0/../../../../arm-none-eabi/lib/armv6k/fpu\libsysbase.a(iosupport.o)
                0x0010c058                dotab_stdnull
 .rodata        0x0010c0c0        0xc c:/devkitpro/devkitarm/bin/../lib/gcc/arm-none-eabi/5.3.0/../../../../arm-none-eabi/lib/armv6k/fpu\libsysbase.a(chdir.o)
                0x0010c0c0                DIRECTORY_PARENT
                0x0010c0c4                DIRECTORY_THIS
                0x0010c0c8                DIRECTORY_SEPARATOR
 *(.roda)
 *(.rodata.*)
 .rodata.str1.4
                0x0010c0cc        0xd main.o
                                 0x10 (size before relaxing)
 *fill*         0x0010c0d9        0x3 
 .rodata.str1.4
                0x0010c0dc       0x16 c:/devkitPro/libctru/lib\libctru.a(apt.o)
                                 0x18 (size before relaxing)
 *fill*         0x0010c0f2        0x2 
 .rodata.str1.4
                0x0010c0f4        0x9 c:/devkitPro/libctru/lib\libctru.a(gspgpu.o)
                                  0xc (size before relaxing)
 *fill*         0x0010c0fd        0x3 
 .rodata.str1.4
                0x0010c100       0x15 c:/devkitPro/libctru/lib\libctru.a(hid.o)
                                 0x18 (size before relaxing)
 *fill*         0x0010c115        0x3 
 .rodata.str1.4
                0x0010c118        0x7 c:/devkitPro/libctru/lib\libctru.a(irrst.o)
                                  0x8 (size before relaxing)
 *fill*         0x0010c11f        0x1 
 .rodata.str1.4
                0x0010c120        0x5 c:/devkitPro/libctru/lib\libctru.a(srv.o)
                                  0x8 (size before relaxing)
 *fill*         0x0010c125        0x3 
 .rodata.str1.4
                0x0010c128        0x2 c:/devkitPro/libctru/lib\libctru.a(thread.o)
                                  0x4 (size before relaxing)
 *fill*         0x0010c12a        0x2 
 .rodata.str1.4
                0x0010c12c        0x9 c:/devkitPro/libctru/lib\libctru.a(ptmsysm.o)
                                  0xc (size before relaxing)
 *fill*         0x0010c135        0x3 
 .rodata.str1.4
                0x0010c138        0x5 c:/devkitPro/libctru/lib\libctru.a(sdmc_dev.o)
                                  0xc (size before relaxing)
 *fill*         0x0010c13d        0x3 
 .rodata.str1.4
                0x0010c140        0x8 c:/devkitPro/libctru/lib\libctru.a(fs.o)
                                  0xc (size before relaxing)
 .rodata.str1.4
                0x0010c148        0x4 c:/devkitpro/devkitarm/bin/../lib/gcc/arm-none-eabi/5.3.0/../../../../arm-none-eabi/lib/armv6k/fpu\libg.a(lib_a-impure.o)
 .rodata._global_impure_ptr
                0x0010c148        0x4 c:/devkitpro/devkitarm/bin/../lib/gcc/arm-none-eabi/5.3.0/../../../../arm-none-eabi/lib/armv6k/fpu\libg.a(lib_a-impure.o)
                0x0010c148                _global_impure_ptr
 .rodata.str1.4
                0x0010c14c        0x8 c:/devkitpro/devkitarm/bin/../lib/gcc/arm-none-eabi/5.3.0/../../../../arm-none-eabi/lib/armv6k/fpu\libsysbase.a(iosupport.o)
 .rodata._ctype_
                0x0010c154      0x104 c:/devkitpro/devkitarm/bin/../lib/gcc/arm-none-eabi/5.3.0/../../../../arm-none-eabi/lib/armv6k/fpu\libg.a(lib_a-ctype_.o)
                0x0010c154                _ctype_
 *all.rodata*(*)
 *(.gnu.linkonce.r*)
                0x0010c258                . = ALIGN (0x4)

.eh_frame       0x0010c258        0x0
 .eh_frame      0x0010c258        0x0 c:/devkitpro/devkitarm/bin/../lib/gcc/arm-none-eabi/5.3.0/armv6k/fpu/crtbegin.o

.rel.dyn        0x0010c258        0x0
 .rel.iplt      0x0010c258        0x0 c:/devkitpro/devkitarm/bin/../lib/gcc/arm-none-eabi/5.3.0/../../../../arm-none-eabi/lib/armv6k/fpu/3dsx_crt0.o

.ARM.extab
 *(.ARM.extab* .gnu.linkonce.armextab.*)
                0x0010c258                __exidx_start = .

ARM.exidx
 *(.ARM.exidx* .gnu.linkonce.armexidx.*)
                0x0010c258                __exidx_end = .

.data           0x0010d000     0x3584
 *(.data)
 .data          0x0010d000      0x800 costable.o
                0x0010d000                costable
 .data          0x0010d800        0xc c:/devkitPro/libctru/lib\libctru.a(gfx.o)
 .data          0x0010d80c        0x4 c:/devkitPro/libctru/lib\libctru.a(stack_adjust.o)
                0x0010d80c                __stacksize__
 .data          0x0010d810      0x488 c:/devkitPro/libctru/lib\libctru.a(sdmc_dev.o)
 .data          0x0010dc98       0x44 c:/devkitpro/devkitarm/bin/../lib/gcc/arm-none-eabi/5.3.0/../../../../arm-none-eabi/lib/armv6k/fpu\libsysbase.a(iosupport.o)
                0x0010dc9c                devoptab_list
 .data          0x0010dcdc     0x1000 c:/devkitpro/devkitarm/bin/../lib/gcc/arm-none-eabi/5.3.0/../../../../arm-none-eabi/lib/armv6k/fpu\libsysbase.a(chdir.o)
 .data          0x0010ecdc     0x1028 c:/devkitpro/devkitarm/bin/../lib/gcc/arm-none-eabi/5.3.0/../../../../arm-none-eabi/lib/armv6k/fpu\libsysbase.a(handle_manager.o)
 *(.data.*)
 .data.__sfp_lock
                0x0010fd04        0xc c:/devkitpro/devkitarm/bin/../lib/gcc/arm-none-eabi/5.3.0/../../../../arm-none-eabi/lib/armv6k/fpu\libg.a(lib_a-findfp.o)
 .data.__sinit_lock
                0x0010fd10        0xc c:/devkitpro/devkitarm/bin/../lib/gcc/arm-none-eabi/5.3.0/../../../../arm-none-eabi/lib/armv6k/fpu\libg.a(lib_a-findfp.o)
 *fill*         0x0010fd1c        0x4 
 .data.impure_data
                0x0010fd20      0x440 c:/devkitpro/devkitarm/bin/../lib/gcc/arm-none-eabi/5.3.0/../../../../arm-none-eabi/lib/armv6k/fpu\libg.a(lib_a-impure.o)
 .data._impure_ptr
                0x00110160        0x4 c:/devkitpro/devkitarm/bin/../lib/gcc/arm-none-eabi/5.3.0/../../../../arm-none-eabi/lib/armv6k/fpu\libg.a(lib_a-impure.o)
                0x00110160                _impure_ptr
 .data.__malloc_av_
                0x00110164      0x408 c:/devkitpro/devkitarm/bin/../lib/gcc/arm-none-eabi/5.3.0/../../../../arm-none-eabi/lib/armv6k/fpu\libg.a(lib_a-mallocr.o)
                0x00110164                __malloc_av_
 .data.__malloc_trim_threshold
                0x0011056c        0x4 c:/devkitpro/devkitarm/bin/../lib/gcc/arm-none-eabi/5.3.0/../../../../arm-none-eabi/lib/armv6k/fpu\libg.a(lib_a-mallocr.o)
                0x0011056c                __malloc_trim_threshold
 .data.__malloc_sbrk_base
                0x00110570        0x4 c:/devkitpro/devkitarm/bin/../lib/gcc/arm-none-eabi/5.3.0/../../../../arm-none-eabi/lib/armv6k/fpu\libg.a(lib_a-mallocr.o)
                0x00110570                __malloc_sbrk_base
 .data.__malloc_lock_object
                0x00110574        0xc c:/devkitpro/devkitarm/bin/../lib/gcc/arm-none-eabi/5.3.0/../../../../arm-none-eabi/lib/armv6k/fpu\libg.a(lib_a-mlock.o)
 .data.__ctype_ptr__
                0x00110580        0x4 c:/devkitpro/devkitarm/bin/../lib/gcc/arm-none-eabi/5.3.0/../../../../arm-none-eabi/lib/armv6k/fpu\libg.a(lib_a-ctype_.o)
                0x00110580                __ctype_ptr__
 *(.gnu.linkonce.d*)
                0x00110584                . = ALIGN (0x4)

.igot.plt       0x00110584        0x0
 .igot.plt      0x00110584        0x0 c:/devkitpro/devkitarm/bin/../lib/gcc/arm-none-eabi/5.3.0/../../../../arm-none-eabi/lib/armv6k/fpu/3dsx_crt0.o

.jcr            0x00110584        0x0
 .jcr           0x00110584        0x0 c:/devkitpro/devkitarm/bin/../lib/gcc/arm-none-eabi/5.3.0/armv6k/fpu/crtbegin.o

.tm_clone_table
                0x00110584        0x0
 .tm_clone_table
                0x00110584        0x0 c:/devkitpro/devkitarm/bin/../lib/gcc/arm-none-eabi/5.3.0/armv6k/fpu/crtbegin.o
 .tm_clone_table
                0x00110584        0x0 c:/devkitpro/devkitarm/bin/../lib/gcc/arm-none-eabi/5.3.0/armv6k/fpu/crtend.o
                0x00110584                __TMC_END__

.tdata          0x00110584        0x0
                0x00110584                __tdata_lma = .
 *(.tdata)
 *(.tdata.*)
 *(.gnu.linkonce.td.*)
                0x00110584                . = ALIGN (0x4)
                0x00110584                __tdata_lma_end = .

.tbss           0x00110584     0x340c
 *(.tbss)
 .tbss          0x00110584     0x340c c:/devkitPro/libctru/lib\libctru.a(sdmc_dev.o)
 *(.tbss.*)
 *(.gnu.linkonce.tb.*)
 *(.tcommon)
                0x00113990                . = ALIGN (0x4)

.preinit_array  0x00110584        0x0
                0x00110584                PROVIDE (__preinit_array_start, .)
 *(.preinit_array)
                0x00110584                PROVIDE (__preinit_array_end, .)

.init_array     0x00110584        0x4
                0x00110584                PROVIDE (__init_array_start, .)
 *(SORT(.init_array.*))
 *(.init_array)
 .init_array    0x00110584        0x4 c:/devkitpro/devkitarm/bin/../lib/gcc/arm-none-eabi/5.3.0/armv6k/fpu/crtbegin.o
                0x00110588                PROVIDE (__init_array_end, .)

.fini_array     0x00110588        0x4
                0x00110588                PROVIDE (__fini_array_start, .)
 *(.fini_array)
 .fini_array    0x00110588        0x4 c:/devkitpro/devkitarm/bin/../lib/gcc/arm-none-eabi/5.3.0/armv6k/fpu/crtbegin.o
 *(SORT(.fini_array.*))
                0x0011058c                PROVIDE (__fini_array_end, .)

.ctors
 *crtbegin.o(.ctors)
 *(EXCLUDE_FILE(*crtend.o) .ctors)
 *(SORT(.ctors.*))
 *(.ctors)

.dtors
 *crtbegin.o(.dtors)
 *(EXCLUDE_FILE(*crtend.o) .dtors)
 *(SORT(.dtors.*))
 *(.dtors)
                0x0011058c                __bss_start__ = .

.bss            0x0011058c     0x5714
 *(.dynbss)
 *(.bss)
 .bss           0x0011058c       0x1c c:/devkitpro/devkitarm/bin/../lib/gcc/arm-none-eabi/5.3.0/armv6k/fpu/crtbegin.o
 .bss           0x001105a8        0x4 main.o
 .bss           0x001105ac        0xc c:/devkitPro/libctru/lib\libctru.a(gfx.o)
 .bss           0x001105b8       0x54 c:/devkitPro/libctru/lib\libctru.a(apt.o)
                0x001105c8                aptStatus
                0x001105f4                aptStatusBeforeSleep
 .bss           0x0011060c        0xc c:/devkitPro/libctru/lib\libctru.a(gspgpu.o)
 .bss           0x00110618       0x2c c:/devkitPro/libctru/lib\libctru.a(hid.o)
 .bss           0x00110644        0xc c:/devkitPro/libctru/lib\libctru.a(irrst.o)
 .bss           0x00110650        0x8 c:/devkitPro/libctru/lib\libctru.a(stack_adjust.o)
 .bss           0x00110658       0x14 c:/devkitPro/libctru/lib\libctru.a(linear.o)
 .bss           0x0011066c       0x14 c:/devkitPro/libctru/lib\libctru.a(mappable.o)
 .bss           0x00110680       0x14 c:/devkitPro/libctru/lib\libctru.a(vram.o)
 .bss           0x00110694        0x1 c:/devkitPro/libctru/lib\libctru.a(os.o)
                0x00110694                __ctru_speedup
 *fill*         0x00110695        0x3 
 .bss           0x00110698        0x8 c:/devkitPro/libctru/lib\libctru.a(srv.o)
 .bss           0x001106a0        0x4 c:/devkitPro/libctru/lib\libctru.a(synchronization.o)
 .bss           0x001106a4        0x8 c:/devkitPro/libctru/lib\libctru.a(ptmsysm.o)
 .bss           0x001106ac        0x1 c:/devkitPro/libctru/lib\libctru.a(sdmc_dev.o)
 *fill*         0x001106ad        0x3 
 .bss           0x001106b0        0x8 c:/devkitPro/libctru/lib\libctru.a(fs.o)
 .bss           0x001106b8        0x4 c:/devkitpro/devkitarm/bin/../lib/gcc/arm-none-eabi/5.3.0/../../../../arm-none-eabi/lib/armv6k/fpu\libsysbase.a(sbrk.o)
 .bss           0x001106bc        0x8 c:/devkitpro/devkitarm/bin/../lib/gcc/arm-none-eabi/5.3.0/../../../../arm-none-eabi/lib/armv6k/fpu\libsysbase.a(malloc_vars.o)
                0x001106bc                fake_heap_start
                0x001106c0                fake_heap_end
 .bss           0x001106c4     0x1000 c:/devkitpro/devkitarm/bin/../lib/gcc/arm-none-eabi/5.3.0/../../../../arm-none-eabi/lib/armv6k/fpu\libsysbase.a(chdir.o)
 .bss           0x001116c4       0x38 c:/devkitpro/devkitarm/bin/../lib/gcc/arm-none-eabi/5.3.0/../../../../arm-none-eabi/lib/armv6k/fpu\libsysbase.a(syscall_support.o)
                0x001116c4                __syscalls
 *(.bss.*)
 .bss.__malloc_max_total_mem
                0x001116fc        0x4 c:/devkitpro/devkitarm/bin/../lib/gcc/arm-none-eabi/5.3.0/../../../../arm-none-eabi/lib/armv6k/fpu\libg.a(lib_a-mallocr.o)
                0x001116fc                __malloc_max_total_mem
 .bss.__malloc_max_sbrked_mem
                0x00111700        0x4 c:/devkitpro/devkitarm/bin/../lib/gcc/arm-none-eabi/5.3.0/../../../../arm-none-eabi/lib/armv6k/fpu\libg.a(lib_a-mallocr.o)
                0x00111700                __malloc_max_sbrked_mem
 .bss.__malloc_top_pad
                0x00111704        0x4 c:/devkitpro/devkitarm/bin/../lib/gcc/arm-none-eabi/5.3.0/../../../../arm-none-eabi/lib/armv6k/fpu\libg.a(lib_a-mallocr.o)
                0x00111704                __malloc_top_pad
 .bss.__malloc_current_mallinfo
                0x00111708       0x28 c:/devkitpro/devkitarm/bin/../lib/gcc/arm-none-eabi/5.3.0/../../../../arm-none-eabi/lib/armv6k/fpu\libg.a(lib_a-mallocr.o)
                0x00111708                __malloc_current_mallinfo
 *(.gnu.linkonce.b*)
 *(COMMON)
 COMMON         0x00111730        0x4 main.o
                0x00111730                buffer
 COMMON         0x00111734       0x60 c:/devkitPro/libctru/lib\libctru.a(gfx.o)
                0x00111734                gfxBottomFramebuffers
                0x0011173c                gspSharedMemHandle
                0x00111740                bottomFramebufferInfo
                0x0011175c                gspEvent
                0x00111760                gfxTopLeftFramebuffers
                0x00111768                gfxTopRightFramebuffers
                0x00111770                topFramebufferInfo
                0x0011178c                gfxThreadID
                0x00111790                gfxSharedMemory
 COMMON         0x00111794        0x4 c:/devkitPro/libctru/lib\libctru.a(gx.o)
                0x00111794                gxCmdBuf
 COMMON         0x00111798     0x102a c:/devkitPro/libctru/lib\libctru.a(apt.o)
                0x00111798                aptEventHandlerThread
                0x0011179c                aptSleepSync
                0x001117a0                aptParameters
                0x001127a0                aptuHandle
                0x001127a4                aptEvents
                0x001127b0                aptStatusEvent
                0x001127b4                aptStatusPower
                0x001127b8                aptStatusMutex
                0x001127bc                aptLockHandle
                0x001127c0                currentAppId
 *fill*         0x001127c2        0x2 
 COMMON         0x001127c4       0x84 c:/devkitPro/libctru/lib\libctru.a(gspgpu.o)
                0x001127c4                gspEventCbOneShot
                0x001127cc                gspEventCb
                0x001127e8                gspGpuHandle
                0x001127ec                gspEventThread
                0x001127f0                gspEventCounts
                0x0011280c                gspEvents
                0x00112828                gspRunEvents
                0x0011282c                gspEventCbData
 COMMON         0x00112848       0x20 c:/devkitPro/libctru/lib\libctru.a(hid.o)
                0x00112848                hidMemHandle
                0x0011284c                hidHandle
                0x00112850                hidSharedMem
                0x00112854                hidEvents
 COMMON         0x00112868       0x10 c:/devkitPro/libctru/lib\libctru.a(irrst.o)
                0x00112868                irrstHandle
                0x0011286c                irrstEvent
                0x00112870                irrstMemHandle
                0x00112874                irrstSharedMem
 COMMON         0x00112878        0x8 c:/devkitPro/libctru/lib\libctru.a(initArgv.o)
                0x00112878                __system_argv
                0x0011287c                __system_argc
 COMMON         0x00112880        0x4 c:/devkitPro/libctru/lib\libctru.a(initSystem.o)
                0x00112880                __system_retAddr
 COMMON         0x00112884       0x10 c:/devkitPro/libctru/lib\libctru.a(allocateHeaps.o)
                0x00112884                __ctru_heap_size
                0x00112888                __ctru_linear_heap
                0x0011288c                __ctru_heap
                0x00112890                __ctru_linear_heap_size
                0x00112894                . = ALIGN (0x4)
                0x00112894                __tls_start = .
                0x00115ca0                . = (. + (SIZEOF (.tdata) + SIZEOF (.tbss)))
 *fill*         0x00112894     0x340c 
                0x00115ca0                __tls_end = .
                0x00115ca0                __bss_end__ = .
                0x00115ca0                __end__ = ABSOLUTE (.)

/DISCARD/
 *(.group .comment .note)

.stab
 *(.stab)

.stabstr
 *(.stabstr)

.stab.excl
 *(.stab.excl)

.stab.exclstr
 *(.stab.exclstr)

.stab.index
 *(.stab.index)

.stab.indexstr
 *(.stab.indexstr)

.debug
 *(.debug)

.line
 *(.line)

.debug_srcinfo
 *(.debug_srcinfo)

.debug_sfnames
 *(.debug_sfnames)

.debug_aranges  0x00000000     0x11f0
 *(.debug_aranges)
 .debug_aranges
                0x00000000       0x18 costable.o
 .debug_aranges
                0x00000018       0x30 main.o
 .debug_aranges
                0x00000048       0x98 c:/devkitPro/libctru/lib\libctru.a(gfx.o)
 .debug_aranges
                0x000000e0       0x48 c:/devkitPro/libctru/lib\libctru.a(gx.o)
 .debug_aranges
                0x00000128      0x1f8 c:/devkitPro/libctru/lib\libctru.a(apt.o)
 .debug_aranges
                0x00000320       0xd8 c:/devkitPro/libctru/lib\libctru.a(gspgpu.o)
 .debug_aranges
                0x000003f8       0xb0 c:/devkitPro/libctru/lib\libctru.a(hid.o)
 .debug_aranges
                0x000004a8       0x68 c:/devkitPro/libctru/lib\libctru.a(irrst.o)
 .debug_aranges
                0x00000510       0x20 c:/devkitPro/libctru/lib\libctru.a(initArgv.o)
 .debug_aranges
                0x00000530       0x20 c:/devkitPro/libctru/lib\libctru.a(initSystem.o)
 .debug_aranges
                0x00000550       0x28 c:/devkitPro/libctru/lib\libctru.a(syscalls.o)
 .debug_aranges
                0x00000578      0x240 c:/devkitPro/libctru/lib\libctru.a(svc.o)
 .debug_aranges
                0x000007b8       0x20 c:/devkitPro/libctru/lib\libctru.a(stack_adjust.o)
 .debug_aranges
                0x000007d8       0x50 c:/devkitPro/libctru/lib\libctru.a(linear.o)
 .debug_aranges
                0x00000828       0x40 c:/devkitPro/libctru/lib\libctru.a(mappable.o)
 .debug_aranges
                0x00000868       0x38 c:/devkitPro/libctru/lib\libctru.a(mem_pool.o)
 .debug_aranges
                0x000008a0       0x50 c:/devkitPro/libctru/lib\libctru.a(vram.o)
 .debug_aranges
                0x000008f0       0x28 c:/devkitPro/libctru/lib\libctru.a(env.o)
 .debug_aranges
                0x00000918       0x68 c:/devkitPro/libctru/lib\libctru.a(os.o)
 .debug_aranges
                0x00000980       0xa8 c:/devkitPro/libctru/lib\libctru.a(srv.o)
 .debug_aranges
                0x00000a28       0x78 c:/devkitPro/libctru/lib\libctru.a(synchronization.o)
 .debug_aranges
                0x00000aa0       0x58 c:/devkitPro/libctru/lib\libctru.a(thread.o)
 .debug_aranges
                0x00000af8       0x30 c:/devkitPro/libctru/lib\libctru.a(ptmsysm.o)
 .debug_aranges
                0x00000b28       0x20 c:/devkitPro/libctru/lib\libctru.a(rbtree_find.o)
 .debug_aranges
                0x00000b48       0x20 c:/devkitPro/libctru/lib\libctru.a(rbtree_init.o)
 .debug_aranges
                0x00000b68       0x30 c:/devkitPro/libctru/lib\libctru.a(rbtree_insert.o)
 .debug_aranges
                0x00000b98       0x20 c:/devkitPro/libctru/lib\libctru.a(rbtree_remove.o)
 .debug_aranges
                0x00000bb8       0x20 c:/devkitPro/libctru/lib\libctru.a(rbtree_rotate.o)
 .debug_aranges
                0x00000bd8       0x28 c:/devkitPro/libctru/lib\libctru.a(allocateHeaps.o)
 .debug_aranges
                0x00000c00       0x20 c:/devkitPro/libctru/lib\libctru.a(appExit.o)
 .debug_aranges
                0x00000c20       0x20 c:/devkitPro/libctru/lib\libctru.a(appInit.o)
 .debug_aranges
                0x00000c40       0x20 c:/devkitPro/libctru/lib\libctru.a(ctru_exit.o)
 .debug_aranges
                0x00000c60       0xf0 c:/devkitPro/libctru/lib\libctru.a(sdmc_dev.o)
 .debug_aranges
                0x00000d50      0x398 c:/devkitPro/libctru/lib\libctru.a(fs.o)
 .debug_aranges
                0x000010e8       0x28 c:/devkitPro/libctru/lib\libctru.a(rbtree_iterator.o)
 .debug_aranges
                0x00001110       0x20 c:/devkitPro/libctru/lib\libctru.a(decode_utf8.o)
 .debug_aranges
                0x00001130       0x20 c:/devkitPro/libctru/lib\libctru.a(utf16_to_utf8.o)
 .debug_aranges
                0x00001150       0x20 c:/devkitPro/libctru/lib\libctru.a(utf8_to_utf16.o)
 .debug_aranges
                0x00001170       0x20 c:/devkitPro/libctru/lib\libctru.a(readtp.o)
 .debug_aranges
                0x00001190       0x20 c:/devkitPro/libctru/lib\libctru.a(decode_utf16.o)
 .debug_aranges
                0x000011b0       0x20 c:/devkitPro/libctru/lib\libctru.a(encode_utf16.o)
 .debug_aranges
                0x000011d0       0x20 c:/devkitPro/libctru/lib\libctru.a(encode_utf8.o)

.debug_pubnames
 *(.debug_pubnames)

.debug_info     0x00000000    0x1b63d
 *(.debug_info)
 .debug_info    0x00000000       0xb1 costable.o
 .debug_info    0x000000b1      0xebc main.o
 .debug_info    0x00000f6d      0xbe0 c:/devkitPro/libctru/lib\libctru.a(gfx.o)
 .debug_info    0x00001b4d      0x455 c:/devkitPro/libctru/lib\libctru.a(gx.o)
 .debug_info    0x00001fa2     0x4b24 c:/devkitPro/libctru/lib\libctru.a(apt.o)
 .debug_info    0x00006ac6     0x134a c:/devkitPro/libctru/lib\libctru.a(gspgpu.o)
 .debug_info    0x00007e10      0xde2 c:/devkitPro/libctru/lib\libctru.a(hid.o)
 .debug_info    0x00008bf2      0x857 c:/devkitPro/libctru/lib\libctru.a(irrst.o)
 .debug_info    0x00009449      0x1d2 c:/devkitPro/libctru/lib\libctru.a(initArgv.o)
 .debug_info    0x0000961b      0x1c0 c:/devkitPro/libctru/lib\libctru.a(initSystem.o)
 .debug_info    0x000097db      0xd20 c:/devkitPro/libctru/lib\libctru.a(syscalls.o)
 .debug_info    0x0000a4fb       0x5f c:/devkitPro/libctru/lib\libctru.a(svc.o)
 .debug_info    0x0000a55a       0x73 c:/devkitPro/libctru/lib\libctru.a(stack_adjust.o)
 .debug_info    0x0000a5cd      0x8d9 c:/devkitPro/libctru/lib\libctru.a(linear.o)
 .debug_info    0x0000aea6      0x834 c:/devkitPro/libctru/lib\libctru.a(mappable.o)
 .debug_info    0x0000b6da      0x8a8 c:/devkitPro/libctru/lib\libctru.a(mem_pool.o)
 .debug_info    0x0000bf82      0x8c3 c:/devkitPro/libctru/lib\libctru.a(vram.o)
 .debug_info    0x0000c845      0x271 c:/devkitPro/libctru/lib\libctru.a(env.o)
 .debug_info    0x0000cab6      0xd37 c:/devkitPro/libctru/lib\libctru.a(os.o)
 .debug_info    0x0000d7ed      0xc9d c:/devkitPro/libctru/lib\libctru.a(srv.o)
 .debug_info    0x0000e48a      0x916 c:/devkitPro/libctru/lib\libctru.a(synchronization.o)
 .debug_info    0x0000eda0     0x1015 c:/devkitPro/libctru/lib\libctru.a(thread.o)
 .debug_info    0x0000fdb5      0x29d c:/devkitPro/libctru/lib\libctru.a(ptmsysm.o)
 .debug_info    0x00010052      0x1d0 c:/devkitPro/libctru/lib\libctru.a(rbtree_find.o)
 .debug_info    0x00010222      0x17f c:/devkitPro/libctru/lib\libctru.a(rbtree_init.o)
 .debug_info    0x000103a1      0x5ef c:/devkitPro/libctru/lib\libctru.a(rbtree_insert.o)
 .debug_info    0x00010990      0x7cf c:/devkitPro/libctru/lib\libctru.a(rbtree_remove.o)
 .debug_info    0x0001115f      0x2b2 c:/devkitPro/libctru/lib\libctru.a(rbtree_rotate.o)
 .debug_info    0x00011411      0x469 c:/devkitPro/libctru/lib\libctru.a(allocateHeaps.o)
 .debug_info    0x0001187a       0xf7 c:/devkitPro/libctru/lib\libctru.a(appExit.o)
 .debug_info    0x00011971       0xf7 c:/devkitPro/libctru/lib\libctru.a(appInit.o)
 .debug_info    0x00011a68      0x25b c:/devkitPro/libctru/lib\libctru.a(ctru_exit.o)
 .debug_info    0x00011cc3     0x2748 c:/devkitPro/libctru/lib\libctru.a(sdmc_dev.o)
 .debug_info    0x0001440b     0x66f9 c:/devkitPro/libctru/lib\libctru.a(fs.o)
 .debug_info    0x0001ab04      0x2ee c:/devkitPro/libctru/lib\libctru.a(rbtree_iterator.o)
 .debug_info    0x0001adf2      0x143 c:/devkitPro/libctru/lib\libctru.a(decode_utf8.o)
 .debug_info    0x0001af35      0x1c0 c:/devkitPro/libctru/lib\libctru.a(utf16_to_utf8.o)
 .debug_info    0x0001b0f5      0x1c0 c:/devkitPro/libctru/lib\libctru.a(utf8_to_utf16.o)
 .debug_info    0x0001b2b5       0x6d c:/devkitPro/libctru/lib\libctru.a(readtp.o)
 .debug_info    0x0001b322      0x123 c:/devkitPro/libctru/lib\libctru.a(decode_utf16.o)
 .debug_info    0x0001b445       0xfc c:/devkitPro/libctru/lib\libctru.a(encode_utf16.o)
 .debug_info    0x0001b541       0xfc c:/devkitPro/libctru/lib\libctru.a(encode_utf8.o)

.debug_abbrev   0x00000000     0x4c0a
 *(.debug_abbrev)
 .debug_abbrev  0x00000000       0x61 costable.o
 .debug_abbrev  0x00000061      0x304 main.o
 .debug_abbrev  0x00000365      0x2f4 c:/devkitPro/libctru/lib\libctru.a(gfx.o)
 .debug_abbrev  0x00000659       0xee c:/devkitPro/libctru/lib\libctru.a(gx.o)
 .debug_abbrev  0x00000747      0x4e3 c:/devkitPro/libctru/lib\libctru.a(apt.o)
 .debug_abbrev  0x00000c2a      0x3c1 c:/devkitPro/libctru/lib\libctru.a(gspgpu.o)
 .debug_abbrev  0x00000feb      0x2f8 c:/devkitPro/libctru/lib\libctru.a(hid.o)
 .debug_abbrev  0x000012e3      0x295 c:/devkitPro/libctru/lib\libctru.a(irrst.o)
 .debug_abbrev  0x00001578      0x10e c:/devkitPro/libctru/lib\libctru.a(initArgv.o)
 .debug_abbrev  0x00001686      0x10b c:/devkitPro/libctru/lib\libctru.a(initSystem.o)
 .debug_abbrev  0x00001791      0x2aa c:/devkitPro/libctru/lib\libctru.a(syscalls.o)
 .debug_abbrev  0x00001a3b       0x12 c:/devkitPro/libctru/lib\libctru.a(svc.o)
 .debug_abbrev  0x00001a4d       0x14 c:/devkitPro/libctru/lib\libctru.a(stack_adjust.o)
 .debug_abbrev  0x00001a61      0x2df c:/devkitPro/libctru/lib\libctru.a(linear.o)
 .debug_abbrev  0x00001d40      0x2bf c:/devkitPro/libctru/lib\libctru.a(mappable.o)
 .debug_abbrev  0x00001fff      0x269 c:/devkitPro/libctru/lib\libctru.a(mem_pool.o)
 .debug_abbrev  0x00002268      0x2ce c:/devkitPro/libctru/lib\libctru.a(vram.o)
 .debug_abbrev  0x00002536      0x1a2 c:/devkitPro/libctru/lib\libctru.a(env.o)
 .debug_abbrev  0x000026d8      0x2d6 c:/devkitPro/libctru/lib\libctru.a(os.o)
 .debug_abbrev  0x000029ae      0x21d c:/devkitPro/libctru/lib\libctru.a(srv.o)
 .debug_abbrev  0x00002bcb      0x287 c:/devkitPro/libctru/lib\libctru.a(synchronization.o)
 .debug_abbrev  0x00002e52      0x39c c:/devkitPro/libctru/lib\libctru.a(thread.o)
 .debug_abbrev  0x000031ee      0x191 c:/devkitPro/libctru/lib\libctru.a(ptmsysm.o)
 .debug_abbrev  0x0000337f       0xec c:/devkitPro/libctru/lib\libctru.a(rbtree_find.o)
 .debug_abbrev  0x0000346b       0xb0 c:/devkitPro/libctru/lib\libctru.a(rbtree_init.o)
 .debug_abbrev  0x0000351b      0x226 c:/devkitPro/libctru/lib\libctru.a(rbtree_insert.o)
 .debug_abbrev  0x00003741      0x1f2 c:/devkitPro/libctru/lib\libctru.a(rbtree_remove.o)
 .debug_abbrev  0x00003933      0x172 c:/devkitPro/libctru/lib\libctru.a(rbtree_rotate.o)
 .debug_abbrev  0x00003aa5      0x1ba c:/devkitPro/libctru/lib\libctru.a(allocateHeaps.o)
 .debug_abbrev  0x00003c5f       0x6c c:/devkitPro/libctru/lib\libctru.a(appExit.o)
 .debug_abbrev  0x00003ccb       0x6c c:/devkitPro/libctru/lib\libctru.a(appInit.o)
 .debug_abbrev  0x00003d37      0x11c c:/devkitPro/libctru/lib\libctru.a(ctru_exit.o)
 .debug_abbrev  0x00003e53      0x3ef c:/devkitPro/libctru/lib\libctru.a(sdmc_dev.o)
 .debug_abbrev  0x00004242      0x497 c:/devkitPro/libctru/lib\libctru.a(fs.o)
 .debug_abbrev  0x000046d9      0x176 c:/devkitPro/libctru/lib\libctru.a(rbtree_iterator.o)
 .debug_abbrev  0x0000484f       0x7f c:/devkitPro/libctru/lib\libctru.a(decode_utf8.o)
 .debug_abbrev  0x000048ce       0xe4 c:/devkitPro/libctru/lib\libctru.a(utf16_to_utf8.o)
 .debug_abbrev  0x000049b2       0xe4 c:/devkitPro/libctru/lib\libctru.a(utf8_to_utf16.o)
 .debug_abbrev  0x00004a96       0x14 c:/devkitPro/libctru/lib\libctru.a(readtp.o)
 .debug_abbrev  0x00004aaa       0x8e c:/devkitPro/libctru/lib\libctru.a(decode_utf16.o)
 .debug_abbrev  0x00004b38       0x69 c:/devkitPro/libctru/lib\libctru.a(encode_utf16.o)
 .debug_abbrev  0x00004ba1       0x69 c:/devkitPro/libctru/lib\libctru.a(encode_utf8.o)

.debug_line     0x00000000     0x866c
 *(.debug_line)
 .debug_line    0x00000000       0xff costable.o
 .debug_line    0x000000ff      0x317 main.o
 .debug_line    0x00000416      0x3d4 c:/devkitPro/libctru/lib\libctru.a(gfx.o)
 .debug_line    0x000007ea      0x201 c:/devkitPro/libctru/lib\libctru.a(gx.o)
 .debug_line    0x000009eb      0xfc2 c:/devkitPro/libctru/lib\libctru.a(apt.o)
 .debug_line    0x000019ad      0x5a6 c:/devkitPro/libctru/lib\libctru.a(gspgpu.o)
 .debug_line    0x00001f53      0x3fa c:/devkitPro/libctru/lib\libctru.a(hid.o)
 .debug_line    0x0000234d      0x2f0 c:/devkitPro/libctru/lib\libctru.a(irrst.o)
 .debug_line    0x0000263d      0x16a c:/devkitPro/libctru/lib\libctru.a(initArgv.o)
 .debug_line    0x000027a7      0x11f c:/devkitPro/libctru/lib\libctru.a(initSystem.o)
 .debug_line    0x000028c6      0x264 c:/devkitPro/libctru/lib\libctru.a(syscalls.o)
 .debug_line    0x00002b2a      0x55d c:/devkitPro/libctru/lib\libctru.a(svc.o)
 .debug_line    0x00003087       0x78 c:/devkitPro/libctru/lib\libctru.a(stack_adjust.o)
 .debug_line    0x000030ff      0x28c c:/devkitPro/libctru/lib\libctru.a(linear.o)
 .debug_line    0x0000338b      0x24e c:/devkitPro/libctru/lib\libctru.a(mappable.o)
 .debug_line    0x000035d9      0x2a8 c:/devkitPro/libctru/lib\libctru.a(mem_pool.o)
 .debug_line    0x00003881      0x289 c:/devkitPro/libctru/lib\libctru.a(vram.o)
 .debug_line    0x00003b0a      0x146 c:/devkitPro/libctru/lib\libctru.a(env.o)
 .debug_line    0x00003c50      0x2d0 c:/devkitPro/libctru/lib\libctru.a(os.o)
 .debug_line    0x00003f20      0x38f c:/devkitPro/libctru/lib\libctru.a(srv.o)
 .debug_line    0x000042af      0x351 c:/devkitPro/libctru/lib\libctru.a(synchronization.o)
 .debug_line    0x00004600      0x2fa c:/devkitPro/libctru/lib\libctru.a(thread.o)
 .debug_line    0x000048fa      0x163 c:/devkitPro/libctru/lib\libctru.a(ptmsysm.o)
 .debug_line    0x00004a5d      0x172 c:/devkitPro/libctru/lib\libctru.a(rbtree_find.o)
 .debug_line    0x00004bcf      0x160 c:/devkitPro/libctru/lib\libctru.a(rbtree_init.o)
 .debug_line    0x00004d2f      0x233 c:/devkitPro/libctru/lib\libctru.a(rbtree_insert.o)
 .debug_line    0x00004f62      0x2c6 c:/devkitPro/libctru/lib\libctru.a(rbtree_remove.o)
 .debug_line    0x00005228      0x1b5 c:/devkitPro/libctru/lib\libctru.a(rbtree_rotate.o)
 .debug_line    0x000053dd      0x184 c:/devkitPro/libctru/lib\libctru.a(allocateHeaps.o)
 .debug_line    0x00005561       0xd5 c:/devkitPro/libctru/lib\libctru.a(appExit.o)
 .debug_line    0x00005636       0xd5 c:/devkitPro/libctru/lib\libctru.a(appInit.o)
 .debug_line    0x0000570b      0x12b c:/devkitPro/libctru/lib\libctru.a(ctru_exit.o)
 .debug_line    0x00005836      0x6c3 c:/devkitPro/libctru/lib\libctru.a(sdmc_dev.o)
 .debug_line    0x00005ef9     0x1cd6 c:/devkitPro/libctru/lib\libctru.a(fs.o)
 .debug_line    0x00007bcf      0x179 c:/devkitPro/libctru/lib\libctru.a(rbtree_iterator.o)
 .debug_line    0x00007d48      0x162 c:/devkitPro/libctru/lib\libctru.a(decode_utf8.o)
 .debug_line    0x00007eaa      0x1ca c:/devkitPro/libctru/lib\libctru.a(utf16_to_utf8.o)
 .debug_line    0x00008074      0x1c4 c:/devkitPro/libctru/lib\libctru.a(utf8_to_utf16.o)
 .debug_line    0x00008238       0x5a c:/devkitPro/libctru/lib\libctru.a(readtp.o)
 .debug_line    0x00008292      0x135 c:/devkitPro/libctru/lib\libctru.a(decode_utf16.o)
 .debug_line    0x000083c7      0x13f c:/devkitPro/libctru/lib\libctru.a(encode_utf16.o)
 .debug_line    0x00008506      0x166 c:/devkitPro/libctru/lib\libctru.a(encode_utf8.o)

.debug_frame    0x00000000     0x2cc8
 *(.debug_frame)
 .debug_frame   0x00000000       0x6c main.o
 .debug_frame   0x0000006c      0x1ac c:/devkitPro/libctru/lib\libctru.a(gfx.o)
 .debug_frame   0x00000218       0xd8 c:/devkitPro/libctru/lib\libctru.a(gx.o)
 .debug_frame   0x000002f0      0x704 c:/devkitPro/libctru/lib\libctru.a(apt.o)
 .debug_frame   0x000009f4      0x2b4 c:/devkitPro/libctru/lib\libctru.a(gspgpu.o)
 .debug_frame   0x00000ca8      0x204 c:/devkitPro/libctru/lib\libctru.a(hid.o)
 .debug_frame   0x00000eac      0x114 c:/devkitPro/libctru/lib\libctru.a(irrst.o)
 .debug_frame   0x00000fc0       0x2c c:/devkitPro/libctru/lib\libctru.a(initArgv.o)
 .debug_frame   0x00000fec       0x2c c:/devkitPro/libctru/lib\libctru.a(initSystem.o)
 .debug_frame   0x00001018       0x4c c:/devkitPro/libctru/lib\libctru.a(syscalls.o)
 .debug_frame   0x00001064       0xc0 c:/devkitPro/libctru/lib\libctru.a(linear.o)
 .debug_frame   0x00001124       0x88 c:/devkitPro/libctru/lib\libctru.a(mappable.o)
 .debug_frame   0x000011ac       0xa8 c:/devkitPro/libctru/lib\libctru.a(mem_pool.o)
 .debug_frame   0x00001254       0xb4 c:/devkitPro/libctru/lib\libctru.a(vram.o)
 .debug_frame   0x00001308       0x50 c:/devkitPro/libctru/lib\libctru.a(env.o)
 .debug_frame   0x00001358      0x100 c:/devkitPro/libctru/lib\libctru.a(os.o)
 .debug_frame   0x00001458      0x1f8 c:/devkitPro/libctru/lib\libctru.a(srv.o)
 .debug_frame   0x00001650       0xfc c:/devkitPro/libctru/lib\libctru.a(synchronization.o)
 .debug_frame   0x0000174c       0xdc c:/devkitPro/libctru/lib\libctru.a(thread.o)
 .debug_frame   0x00001828       0x50 c:/devkitPro/libctru/lib\libctru.a(ptmsysm.o)
 .debug_frame   0x00001878       0x30 c:/devkitPro/libctru/lib\libctru.a(rbtree_find.o)
 .debug_frame   0x000018a8       0x20 c:/devkitPro/libctru/lib\libctru.a(rbtree_init.o)
 .debug_frame   0x000018c8       0x54 c:/devkitPro/libctru/lib\libctru.a(rbtree_insert.o)
 .debug_frame   0x0000191c       0x40 c:/devkitPro/libctru/lib\libctru.a(rbtree_remove.o)
 .debug_frame   0x0000195c       0x2c c:/devkitPro/libctru/lib\libctru.a(rbtree_rotate.o)
 .debug_frame   0x00001988       0x54 c:/devkitPro/libctru/lib\libctru.a(allocateHeaps.o)
 .debug_frame   0x000019dc       0x2c c:/devkitPro/libctru/lib\libctru.a(appExit.o)
 .debug_frame   0x00001a08       0x2c c:/devkitPro/libctru/lib\libctru.a(appInit.o)
 .debug_frame   0x00001a34       0x28 c:/devkitPro/libctru/lib\libctru.a(ctru_exit.o)
 .debug_frame   0x00001a5c      0x3d4 c:/devkitPro/libctru/lib\libctru.a(sdmc_dev.o)
 .debug_frame   0x00001e30      0xd58 c:/devkitPro/libctru/lib\libctru.a(fs.o)
 .debug_frame   0x00002b88       0x30 c:/devkitPro/libctru/lib\libctru.a(rbtree_iterator.o)
 .debug_frame   0x00002bb8       0x30 c:/devkitPro/libctru/lib\libctru.a(decode_utf8.o)
 .debug_frame   0x00002be8       0x3c c:/devkitPro/libctru/lib\libctru.a(utf16_to_utf8.o)
 .debug_frame   0x00002c24       0x3c c:/devkitPro/libctru/lib\libctru.a(utf8_to_utf16.o)
 .debug_frame   0x00002c60       0x28 c:/devkitPro/libctru/lib\libctru.a(decode_utf16.o)
 .debug_frame   0x00002c88       0x20 c:/devkitPro/libctru/lib\libctru.a(encode_utf16.o)
 .debug_frame   0x00002ca8       0x20 c:/devkitPro/libctru/lib\libctru.a(encode_utf8.o)

.debug_str      0x00000000     0x557b
 *(.debug_str)
 .debug_str     0x00000000      0x131 costable.o
                                0x16d (size before relaxing)
 .debug_str     0x00000131      0x7f2 main.o
                                0x9d3 (size before relaxing)
 .debug_str     0x00000923      0x572 c:/devkitPro/libctru/lib\libctru.a(gfx.o)
                                0x76a (size before relaxing)
 .debug_str     0x00000e95      0x120 c:/devkitPro/libctru/lib\libctru.a(gx.o)
                                0x2bb (size before relaxing)
 .debug_str     0x00000fb5      0xe5f c:/devkitPro/libctru/lib\libctru.a(apt.o)
                               0x1191 (size before relaxing)
 .debug_str     0x00001e14      0x2af c:/devkitPro/libctru/lib\libctru.a(gspgpu.o)
                                0x894 (size before relaxing)
 .debug_str     0x000020c3      0x366 c:/devkitPro/libctru/lib\libctru.a(hid.o)
                                0x78f (size before relaxing)
 .debug_str     0x00002429      0x10a c:/devkitPro/libctru/lib\libctru.a(irrst.o)
                                0x519 (size before relaxing)
 .debug_str     0x00002533       0x94 c:/devkitPro/libctru/lib\libctru.a(initArgv.o)
                                0x24e (size before relaxing)
 .debug_str     0x000025c7       0x85 c:/devkitPro/libctru/lib\libctru.a(initSystem.o)
                                0x261 (size before relaxing)
 .debug_str     0x0000264c      0x223 c:/devkitPro/libctru/lib\libctru.a(syscalls.o)
                                0x846 (size before relaxing)
 .debug_str     0x0000286f      0x486 c:/devkitPro/libctru/lib\libctru.a(linear.o)
                                0x5a3 (size before relaxing)
 .debug_str     0x00002cf5       0x5f c:/devkitPro/libctru/lib\libctru.a(mappable.o)
                                0x557 (size before relaxing)
 .debug_str     0x00002d54       0x75 c:/devkitPro/libctru/lib\libctru.a(mem_pool.o)
                                0x43f (size before relaxing)
 .debug_str     0x00002dc9       0x7b c:/devkitPro/libctru/lib\libctru.a(vram.o)
                                0x568 (size before relaxing)
 .debug_str     0x00002e44       0x63 c:/devkitPro/libctru/lib\libctru.a(env.o)
                                0x23d (size before relaxing)
 .debug_str     0x00002ea7      0x1ba c:/devkitPro/libctru/lib\libctru.a(os.o)
                                0x7c5 (size before relaxing)
 .debug_str     0x00003061      0x216 c:/devkitPro/libctru/lib\libctru.a(srv.o)
                                0x507 (size before relaxing)
 .debug_str     0x00003277      0x1a6 c:/devkitPro/libctru/lib\libctru.a(synchronization.o)
                                0x3ec (size before relaxing)
 .debug_str     0x0000341d      0x138 c:/devkitPro/libctru/lib\libctru.a(thread.o)
                                0x7f8 (size before relaxing)
 .debug_str     0x00003555       0x4c c:/devkitPro/libctru/lib\libctru.a(ptmsysm.o)
                                0x2bd (size before relaxing)
 .debug_str     0x000035a1       0x3a c:/devkitPro/libctru/lib\libctru.a(rbtree_find.o)
                                0x20e (size before relaxing)
 .debug_str     0x000035db       0x35 c:/devkitPro/libctru/lib\libctru.a(rbtree_init.o)
                                0x204 (size before relaxing)
 .debug_str     0x00003610       0xde c:/devkitPro/libctru/lib\libctru.a(rbtree_insert.o)
                                0x2c6 (size before relaxing)
 .debug_str     0x000036ee       0x85 c:/devkitPro/libctru/lib\libctru.a(rbtree_remove.o)
                                0x2e4 (size before relaxing)
 .debug_str     0x00003773       0x37 c:/devkitPro/libctru/lib\libctru.a(rbtree_rotate.o)
                                0x25b (size before relaxing)
 .debug_str     0x000037aa      0x17a c:/devkitPro/libctru/lib\libctru.a(allocateHeaps.o)
                                0x44b (size before relaxing)
 .debug_str     0x00003924       0x46 c:/devkitPro/libctru/lib\libctru.a(appExit.o)
                                0x199 (size before relaxing)
 .debug_str     0x0000396a       0x46 c:/devkitPro/libctru/lib\libctru.a(appInit.o)
                                0x199 (size before relaxing)
 .debug_str     0x000039b0       0x4c c:/devkitPro/libctru/lib\libctru.a(ctru_exit.o)
                                0x341 (size before relaxing)
 .debug_str     0x000039fc      0xa51 c:/devkitPro/libctru/lib\libctru.a(sdmc_dev.o)
                               0x10cb (size before relaxing)
 .debug_str     0x0000444d      0xf61 c:/devkitPro/libctru/lib\libctru.a(fs.o)
                               0x1bab (size before relaxing)
 .debug_str     0x000053ae       0x55 c:/devkitPro/libctru/lib\libctru.a(rbtree_iterator.o)
                                0x20e (size before relaxing)
 .debug_str     0x00005403       0x4a c:/devkitPro/libctru/lib\libctru.a(decode_utf8.o)
                                0x1c8 (size before relaxing)
 .debug_str     0x0000544d       0x55 c:/devkitPro/libctru/lib\libctru.a(utf16_to_utf8.o)
                                0x1fb (size before relaxing)
 .debug_str     0x000054a2       0x41 c:/devkitPro/libctru/lib\libctru.a(utf8_to_utf16.o)
                                0x1fb (size before relaxing)
 .debug_str     0x000054e3       0x33 c:/devkitPro/libctru/lib\libctru.a(decode_utf16.o)
                                0x1c0 (size before relaxing)
 .debug_str     0x00005516       0x33 c:/devkitPro/libctru/lib\libctru.a(encode_utf16.o)
                                0x1b4 (size before relaxing)
 .debug_str     0x00005549       0x32 c:/devkitPro/libctru/lib\libctru.a(encode_utf8.o)
                                0x1b0 (size before relaxing)

.debug_loc      0x00000000     0xb1d4
 *(.debug_loc)
 .debug_loc     0x00000000      0x11c main.o
 .debug_loc     0x0000011c      0x32a c:/devkitPro/libctru/lib\libctru.a(gfx.o)
 .debug_loc     0x00000446      0x366 c:/devkitPro/libctru/lib\libctru.a(gx.o)
 .debug_loc     0x000007ac     0x1558 c:/devkitPro/libctru/lib\libctru.a(apt.o)
 .debug_loc     0x00001d04      0x9fa c:/devkitPro/libctru/lib\libctru.a(gspgpu.o)
 .debug_loc     0x000026fe      0x7bb c:/devkitPro/libctru/lib\libctru.a(hid.o)
 .debug_loc     0x00002eb9      0x3ab c:/devkitPro/libctru/lib\libctru.a(irrst.o)
 .debug_loc     0x00003264       0xfb c:/devkitPro/libctru/lib\libctru.a(initArgv.o)
 .debug_loc     0x0000335f       0x21 c:/devkitPro/libctru/lib\libctru.a(initSystem.o)
 .debug_loc     0x00003380       0x23 c:/devkitPro/libctru/lib\libctru.a(syscalls.o)
 .debug_loc     0x000033a3      0x2ec c:/devkitPro/libctru/lib\libctru.a(linear.o)
 .debug_loc     0x0000368f      0x1bf c:/devkitPro/libctru/lib\libctru.a(mappable.o)
 .debug_loc     0x0000384e      0x8d3 c:/devkitPro/libctru/lib\libctru.a(mem_pool.o)
 .debug_loc     0x00004121      0x2f2 c:/devkitPro/libctru/lib\libctru.a(vram.o)
 .debug_loc     0x00004413      0x149 c:/devkitPro/libctru/lib\libctru.a(env.o)
 .debug_loc     0x0000455c      0x2e4 c:/devkitPro/libctru/lib\libctru.a(os.o)
 .debug_loc     0x00004840      0x5b1 c:/devkitPro/libctru/lib\libctru.a(srv.o)
 .debug_loc     0x00004df1      0x44e c:/devkitPro/libctru/lib\libctru.a(synchronization.o)
 .debug_loc     0x0000523f      0x398 c:/devkitPro/libctru/lib\libctru.a(thread.o)
 .debug_loc     0x000055d7       0x34 c:/devkitPro/libctru/lib\libctru.a(ptmsysm.o)
 .debug_loc     0x0000560b      0x10d c:/devkitPro/libctru/lib\libctru.a(rbtree_find.o)
 .debug_loc     0x00005718      0x3ec c:/devkitPro/libctru/lib\libctru.a(rbtree_insert.o)
 .debug_loc     0x00005b04      0x4b0 c:/devkitPro/libctru/lib\libctru.a(rbtree_remove.o)
 .debug_loc     0x00005fb4       0xa1 c:/devkitPro/libctru/lib\libctru.a(rbtree_rotate.o)
 .debug_loc     0x00006055       0x49 c:/devkitPro/libctru/lib\libctru.a(allocateHeaps.o)
 .debug_loc     0x0000609e       0x21 c:/devkitPro/libctru/lib\libctru.a(ctru_exit.o)
 .debug_loc     0x000060bf     0x1200 c:/devkitPro/libctru/lib\libctru.a(sdmc_dev.o)
 .debug_loc     0x000072bf     0x343f c:/devkitPro/libctru/lib\libctru.a(fs.o)